============================================================
  Generated by:           Encounter(R) RTL Compiler v12.10-s012_1
  Generated on:           Sep 03 2026  01:11:20 am
  Module:                 adas_accelerator_top
  Technology library:     gpdk045bc 
  Operating conditions:   slow (balanced_tree)
  Wireload mode:          enclosed
  Area mode:              timing library
============================================================

                     Instance                       Cells  Cell Area  Net Area  Total Area  Wireload     
---------------------------------------------------------------------------------------------------------
adas_accelerator_top                               125060          0         0           0    <none> (D) 
  my_rom                                             4701          0         0           0    <none> (D) 
  core_inst                                        112712          0         0           0    <none> (D) 
    gen_l4[1].neuron_l4_mul_40_48_I9                  156          0         0           0    <none> (D) 
    gen_l4[1].neuron_l4_mul_40_48_I8                  156          0         0           0    <none> (D) 
    gen_l4[1].neuron_l4_mul_40_48_I7                  156          0         0           0    <none> (D) 
    gen_l4[1].neuron_l4_mul_40_48_I6                  156          0         0           0    <none> (D) 
    gen_l4[1].neuron_l4_mul_40_48_I5                  156          0         0           0    <none> (D) 
    gen_l4[1].neuron_l4_mul_40_48_I4                  156          0         0           0    <none> (D) 
    gen_l4[1].neuron_l4_mul_40_48_I3                  156          0         0           0    <none> (D) 
    gen_l4[1].neuron_l4_mul_40_48_I2                  156          0         0           0    <none> (D) 
    gen_l4[1].neuron_l4_mul_40_48_I16                 156          0         0           0    <none> (D) 
    gen_l4[1].neuron_l4_mul_40_48_I15                 156          0         0           0    <none> (D) 
    gen_l4[1].neuron_l4_mul_40_48_I14                 156          0         0           0    <none> (D) 
    gen_l4[1].neuron_l4_mul_40_48_I13                 156          0         0           0    <none> (D) 
    gen_l4[1].neuron_l4_mul_40_48_I12                 156          0         0           0    <none> (D) 
    gen_l4[1].neuron_l4_mul_40_48_I11                 156          0         0           0    <none> (D) 
    gen_l4[1].neuron_l4_mul_40_48_I10                 156          0         0           0    <none> (D) 
    gen_l4[1].neuron_l4_mul_40_48_I1                  156          0         0           0    <none> (D) 
    gen_l4[1].neuron_l4_csa_tree_add_21_52_groupi      85          0         0           0    <none> (D) 
    gen_l4[1].neuron_l4_add_50_39                      64          0         0           0    <none> (D) 
    gen_l4[1].neuron_l4_add_49_39                      64          0         0           0    <none> (D) 
    gen_l4[1].neuron_l4_add_47_46_I4                   60          0         0           0    <none> (D) 
    gen_l4[1].neuron_l4_add_47_46_I3                   60          0         0           0    <none> (D) 
    gen_l4[1].neuron_l4_add_47_46_I2                   60          0         0           0    <none> (D) 
    gen_l4[1].neuron_l4_add_47_46_I1                   60          0         0           0    <none> (D) 
    gen_l4[1].neuron_l4_add_44_47_I8                   59          0         0           0    <none> (D) 
    gen_l4[1].neuron_l4_add_44_47_I7                   59          0         0           0    <none> (D) 
    gen_l4[1].neuron_l4_add_44_47_I6                   59          0         0           0    <none> (D) 
    gen_l4[1].neuron_l4_add_44_47_I5                   59          0         0           0    <none> (D) 
    gen_l4[1].neuron_l4_add_44_47_I4                   59          0         0           0    <none> (D) 
    gen_l4[1].neuron_l4_add_44_47_I3                   59          0         0           0    <none> (D) 
    gen_l4[1].neuron_l4_add_44_47_I2                   59          0         0           0    <none> (D) 
    gen_l4[1].neuron_l4_add_44_47_I1                   59          0         0           0    <none> (D) 
    gen_l4[0].neuron_l4_mul_40_48_I9                  156          0         0           0    <none> (D) 
    gen_l4[0].neuron_l4_mul_40_48_I8                  156          0         0           0    <none> (D) 
    gen_l4[0].neuron_l4_mul_40_48_I7                  156          0         0           0    <none> (D) 
    gen_l4[0].neuron_l4_mul_40_48_I6                  156          0         0           0    <none> (D) 
    gen_l4[0].neuron_l4_mul_40_48_I5                  156          0         0           0    <none> (D) 
    gen_l4[0].neuron_l4_mul_40_48_I4                  156          0         0           0    <none> (D) 
    gen_l4[0].neuron_l4_mul_40_48_I3                  156          0         0           0    <none> (D) 
    gen_l4[0].neuron_l4_mul_40_48_I2                  156          0         0           0    <none> (D) 
    gen_l4[0].neuron_l4_mul_40_48_I16                 156          0         0           0    <none> (D) 
    gen_l4[0].neuron_l4_mul_40_48_I15                 156          0         0           0    <none> (D) 
    gen_l4[0].neuron_l4_mul_40_48_I14                 156          0         0           0    <none> (D) 
    gen_l4[0].neuron_l4_mul_40_48_I13                 156          0         0           0    <none> (D) 
    gen_l4[0].neuron_l4_mul_40_48_I12                 156          0         0           0    <none> (D) 
    gen_l4[0].neuron_l4_mul_40_48_I11                 156          0         0           0    <none> (D) 
    gen_l4[0].neuron_l4_mul_40_48_I10                 156          0         0           0    <none> (D) 
    gen_l4[0].neuron_l4_mul_40_48_I1                  156          0         0           0    <none> (D) 
    gen_l4[0].neuron_l4_csa_tree_add_21_52_groupi      85          0         0           0    <none> (D) 
    gen_l4[0].neuron_l4_add_50_39                      64          0         0           0    <none> (D) 
    gen_l4[0].neuron_l4_add_49_39                      64          0         0           0    <none> (D) 
    gen_l4[0].neuron_l4_add_47_46_I4                   60          0         0           0    <none> (D) 
    gen_l4[0].neuron_l4_add_47_46_I3                   60          0         0           0    <none> (D) 
    gen_l4[0].neuron_l4_add_47_46_I2                   60          0         0           0    <none> (D) 
    gen_l4[0].neuron_l4_add_47_46_I1                   60          0         0           0    <none> (D) 
    gen_l4[0].neuron_l4_add_44_47_I8                   59          0         0           0    <none> (D) 
    gen_l4[0].neuron_l4_add_44_47_I7                   59          0         0           0    <none> (D) 
    gen_l4[0].neuron_l4_add_44_47_I6                   59          0         0           0    <none> (D) 
    gen_l4[0].neuron_l4_add_44_47_I5                   59          0         0           0    <none> (D) 
    gen_l4[0].neuron_l4_add_44_47_I4                   59          0         0           0    <none> (D) 
    gen_l4[0].neuron_l4_add_44_47_I3                   59          0         0           0    <none> (D) 
    gen_l4[0].neuron_l4_add_44_47_I2                   59          0         0           0    <none> (D) 
    gen_l4[0].neuron_l4_add_44_47_I1                   59          0         0           0    <none> (D) 
    gen_l3[9].neuron_l3_mul_40_48_I9                  156          0         0           0    <none> (D) 
    gen_l3[9].neuron_l3_mul_40_48_I8                  156          0         0           0    <none> (D) 
    gen_l3[9].neuron_l3_mul_40_48_I7                  156          0         0           0    <none> (D) 
    gen_l3[9].neuron_l3_mul_40_48_I6                  156          0         0           0    <none> (D) 
    gen_l3[9].neuron_l3_mul_40_48_I5                  156          0         0           0    <none> (D) 
    gen_l3[9].neuron_l3_mul_40_48_I4                  156          0         0           0    <none> (D) 
    gen_l3[9].neuron_l3_mul_40_48_I3                  156          0         0           0    <none> (D) 
    gen_l3[9].neuron_l3_mul_40_48_I2                  156          0         0           0    <none> (D) 
    gen_l3[9].neuron_l3_mul_40_48_I16                 156          0         0           0    <none> (D) 
    gen_l3[9].neuron_l3_mul_40_48_I15                 156          0         0           0    <none> (D) 
    gen_l3[9].neuron_l3_mul_40_48_I14                 156          0         0           0    <none> (D) 
    gen_l3[9].neuron_l3_mul_40_48_I13                 156          0         0           0    <none> (D) 
    gen_l3[9].neuron_l3_mul_40_48_I12                 156          0         0           0    <none> (D) 
    gen_l3[9].neuron_l3_mul_40_48_I11                 156          0         0           0    <none> (D) 
    gen_l3[9].neuron_l3_mul_40_48_I10                 156          0         0           0    <none> (D) 
    gen_l3[9].neuron_l3_mul_40_48_I1                  156          0         0           0    <none> (D) 
    gen_l3[9].neuron_l3_csa_tree_add_21_52_groupi      85          0         0           0    <none> (D) 
    gen_l3[9].neuron_l3_add_50_39                      64          0         0           0    <none> (D) 
    gen_l3[9].neuron_l3_add_49_39                      64          0         0           0    <none> (D) 
    gen_l3[9].neuron_l3_add_47_46_I4                   60          0         0           0    <none> (D) 
    gen_l3[9].neuron_l3_add_47_46_I3                   60          0         0           0    <none> (D) 
    gen_l3[9].neuron_l3_add_47_46_I2                   60          0         0           0    <none> (D) 
    gen_l3[9].neuron_l3_add_47_46_I1                   60          0         0           0    <none> (D) 
    gen_l3[9].neuron_l3_add_44_47_I8                   59          0         0           0    <none> (D) 
    gen_l3[9].neuron_l3_add_44_47_I7                   59          0         0           0    <none> (D) 
    gen_l3[9].neuron_l3_add_44_47_I6                   59          0         0           0    <none> (D) 
    gen_l3[9].neuron_l3_add_44_47_I5                   59          0         0           0    <none> (D) 
    gen_l3[9].neuron_l3_add_44_47_I4                   59          0         0           0    <none> (D) 
    gen_l3[9].neuron_l3_add_44_47_I3                   59          0         0           0    <none> (D) 
    gen_l3[9].neuron_l3_add_44_47_I2                   59          0         0           0    <none> (D) 
    gen_l3[9].neuron_l3_add_44_47_I1                   59          0         0           0    <none> (D) 
    gen_l3[8].neuron_l3_mul_40_48_I9                  156          0         0           0    <none> (D) 
    gen_l3[8].neuron_l3_mul_40_48_I8                  156          0         0           0    <none> (D) 
    gen_l3[8].neuron_l3_mul_40_48_I7                  156          0         0           0    <none> (D) 
    gen_l3[8].neuron_l3_mul_40_48_I6                  156          0         0           0    <none> (D) 
    gen_l3[8].neuron_l3_mul_40_48_I5                  156          0         0           0    <none> (D) 
    gen_l3[8].neuron_l3_mul_40_48_I4                  156          0         0           0    <none> (D) 
    gen_l3[8].neuron_l3_mul_40_48_I3                  156          0         0           0    <none> (D) 
    gen_l3[8].neuron_l3_mul_40_48_I2                  156          0         0           0    <none> (D) 
    gen_l3[8].neuron_l3_mul_40_48_I16                 156          0         0           0    <none> (D) 
    gen_l3[8].neuron_l3_mul_40_48_I15                 156          0         0           0    <none> (D) 
    gen_l3[8].neuron_l3_mul_40_48_I14                 156          0         0           0    <none> (D) 
    gen_l3[8].neuron_l3_mul_40_48_I13                 156          0         0           0    <none> (D) 
    gen_l3[8].neuron_l3_mul_40_48_I12                 156          0         0           0    <none> (D) 
    gen_l3[8].neuron_l3_mul_40_48_I11                 156          0         0           0    <none> (D) 
    gen_l3[8].neuron_l3_mul_40_48_I10                 156          0         0           0    <none> (D) 
    gen_l3[8].neuron_l3_mul_40_48_I1                  156          0         0           0    <none> (D) 
    gen_l3[8].neuron_l3_csa_tree_add_21_52_groupi      85          0         0           0    <none> (D) 
    gen_l3[8].neuron_l3_add_50_39                      64          0         0           0    <none> (D) 
    gen_l3[8].neuron_l3_add_49_39                      64          0         0           0    <none> (D) 
    gen_l3[8].neuron_l3_add_47_46_I4                   60          0         0           0    <none> (D) 
    gen_l3[8].neuron_l3_add_47_46_I3                   60          0         0           0    <none> (D) 
    gen_l3[8].neuron_l3_add_47_46_I2                   60          0         0           0    <none> (D) 
    gen_l3[8].neuron_l3_add_47_46_I1                   60          0         0           0    <none> (D) 
    gen_l3[8].neuron_l3_add_44_47_I8                   59          0         0           0    <none> (D) 
    gen_l3[8].neuron_l3_add_44_47_I7                   59          0         0           0    <none> (D) 
    gen_l3[8].neuron_l3_add_44_47_I6                   59          0         0           0    <none> (D) 
    gen_l3[8].neuron_l3_add_44_47_I5                   59          0         0           0    <none> (D) 
    gen_l3[8].neuron_l3_add_44_47_I4                   59          0         0           0    <none> (D) 
    gen_l3[8].neuron_l3_add_44_47_I3                   59          0         0           0    <none> (D) 
    gen_l3[8].neuron_l3_add_44_47_I2                   59          0         0           0    <none> (D) 
    gen_l3[8].neuron_l3_add_44_47_I1                   59          0         0           0    <none> (D) 
    gen_l3[7].neuron_l3_mul_40_48_I9                  156          0         0           0    <none> (D) 
    gen_l3[7].neuron_l3_mul_40_48_I8                  156          0         0           0    <none> (D) 
    gen_l3[7].neuron_l3_mul_40_48_I7                  156          0         0           0    <none> (D) 
    gen_l3[7].neuron_l3_mul_40_48_I6                  156          0         0           0    <none> (D) 
    gen_l3[7].neuron_l3_mul_40_48_I5                  156          0         0           0    <none> (D) 
    gen_l3[7].neuron_l3_mul_40_48_I4                  156          0         0           0    <none> (D) 
    gen_l3[7].neuron_l3_mul_40_48_I3                  156          0         0           0    <none> (D) 
    gen_l3[7].neuron_l3_mul_40_48_I2                  156          0         0           0    <none> (D) 
    gen_l3[7].neuron_l3_mul_40_48_I16                 156          0         0           0    <none> (D) 
    gen_l3[7].neuron_l3_mul_40_48_I15                 156          0         0           0    <none> (D) 
    gen_l3[7].neuron_l3_mul_40_48_I14                 156          0         0           0    <none> (D) 
    gen_l3[7].neuron_l3_mul_40_48_I13                 156          0         0           0    <none> (D) 
    gen_l3[7].neuron_l3_mul_40_48_I12                 156          0         0           0    <none> (D) 
    gen_l3[7].neuron_l3_mul_40_48_I11                 156          0         0           0    <none> (D) 
    gen_l3[7].neuron_l3_mul_40_48_I10                 156          0         0           0    <none> (D) 
    gen_l3[7].neuron_l3_mul_40_48_I1                  156          0         0           0    <none> (D) 
    gen_l3[7].neuron_l3_csa_tree_add_21_52_groupi      85          0         0           0    <none> (D) 
    gen_l3[7].neuron_l3_add_50_39                      64          0         0           0    <none> (D) 
    gen_l3[7].neuron_l3_add_49_39                      64          0         0           0    <none> (D) 
    gen_l3[7].neuron_l3_add_47_46_I4                   60          0         0           0    <none> (D) 
    gen_l3[7].neuron_l3_add_47_46_I3                   60          0         0           0    <none> (D) 
    gen_l3[7].neuron_l3_add_47_46_I2                   60          0         0           0    <none> (D) 
    gen_l3[7].neuron_l3_add_47_46_I1                   60          0         0           0    <none> (D) 
    gen_l3[7].neuron_l3_add_44_47_I8                   59          0         0           0    <none> (D) 
    gen_l3[7].neuron_l3_add_44_47_I7                   59          0         0           0    <none> (D) 
    gen_l3[7].neuron_l3_add_44_47_I6                   59          0         0           0    <none> (D) 
    gen_l3[7].neuron_l3_add_44_47_I5                   59          0         0           0    <none> (D) 
    gen_l3[7].neuron_l3_add_44_47_I4                   59          0         0           0    <none> (D) 
    gen_l3[7].neuron_l3_add_44_47_I3                   59          0         0           0    <none> (D) 
    gen_l3[7].neuron_l3_add_44_47_I2                   59          0         0           0    <none> (D) 
    gen_l3[7].neuron_l3_add_44_47_I1                   59          0         0           0    <none> (D) 
    gen_l3[6].neuron_l3_mul_40_48_I9                  156          0         0           0    <none> (D) 
    gen_l3[6].neuron_l3_mul_40_48_I8                  156          0         0           0    <none> (D) 
    gen_l3[6].neuron_l3_mul_40_48_I7                  156          0         0           0    <none> (D) 
    gen_l3[6].neuron_l3_mul_40_48_I6                  156          0         0           0    <none> (D) 
    gen_l3[6].neuron_l3_mul_40_48_I5                  156          0         0           0    <none> (D) 
    gen_l3[6].neuron_l3_mul_40_48_I4                  156          0         0           0    <none> (D) 
    gen_l3[6].neuron_l3_mul_40_48_I3                  156          0         0           0    <none> (D) 
    gen_l3[6].neuron_l3_mul_40_48_I2                  156          0         0           0    <none> (D) 
    gen_l3[6].neuron_l3_mul_40_48_I16                 156          0         0           0    <none> (D) 
    gen_l3[6].neuron_l3_mul_40_48_I15                 156          0         0           0    <none> (D) 
    gen_l3[6].neuron_l3_mul_40_48_I14                 156          0         0           0    <none> (D) 
    gen_l3[6].neuron_l3_mul_40_48_I13                 156          0         0           0    <none> (D) 
    gen_l3[6].neuron_l3_mul_40_48_I12                 156          0         0           0    <none> (D) 
    gen_l3[6].neuron_l3_mul_40_48_I11                 156          0         0           0    <none> (D) 
    gen_l3[6].neuron_l3_mul_40_48_I10                 156          0         0           0    <none> (D) 
    gen_l3[6].neuron_l3_mul_40_48_I1                  156          0         0           0    <none> (D) 
    gen_l3[6].neuron_l3_csa_tree_add_21_52_groupi      85          0         0           0    <none> (D) 
    gen_l3[6].neuron_l3_add_50_39                      64          0         0           0    <none> (D) 
    gen_l3[6].neuron_l3_add_49_39                      64          0         0           0    <none> (D) 
    gen_l3[6].neuron_l3_add_47_46_I4                   60          0         0           0    <none> (D) 
    gen_l3[6].neuron_l3_add_47_46_I3                   60          0         0           0    <none> (D) 
    gen_l3[6].neuron_l3_add_47_46_I2                   60          0         0           0    <none> (D) 
    gen_l3[6].neuron_l3_add_47_46_I1                   60          0         0           0    <none> (D) 
    gen_l3[6].neuron_l3_add_44_47_I8                   59          0         0           0    <none> (D) 
    gen_l3[6].neuron_l3_add_44_47_I7                   59          0         0           0    <none> (D) 
    gen_l3[6].neuron_l3_add_44_47_I6                   59          0         0           0    <none> (D) 
    gen_l3[6].neuron_l3_add_44_47_I5                   59          0         0           0    <none> (D) 
    gen_l3[6].neuron_l3_add_44_47_I4                   59          0         0           0    <none> (D) 
    gen_l3[6].neuron_l3_add_44_47_I3                   59          0         0           0    <none> (D) 
    gen_l3[6].neuron_l3_add_44_47_I2                   59          0         0           0    <none> (D) 
    gen_l3[6].neuron_l3_add_44_47_I1                   59          0         0           0    <none> (D) 
    gen_l3[5].neuron_l3_mul_40_48_I9                  156          0         0           0    <none> (D) 
    gen_l3[5].neuron_l3_mul_40_48_I8                  156          0         0           0    <none> (D) 
    gen_l3[5].neuron_l3_mul_40_48_I7                  156          0         0           0    <none> (D) 
    gen_l3[5].neuron_l3_mul_40_48_I6                  156          0         0           0    <none> (D) 
    gen_l3[5].neuron_l3_mul_40_48_I5                  156          0         0           0    <none> (D) 
    gen_l3[5].neuron_l3_mul_40_48_I4                  156          0         0           0    <none> (D) 
    gen_l3[5].neuron_l3_mul_40_48_I3                  156          0         0           0    <none> (D) 
    gen_l3[5].neuron_l3_mul_40_48_I2                  156          0         0           0    <none> (D) 
    gen_l3[5].neuron_l3_mul_40_48_I16                 156          0         0           0    <none> (D) 
    gen_l3[5].neuron_l3_mul_40_48_I15                 156          0         0           0    <none> (D) 
    gen_l3[5].neuron_l3_mul_40_48_I14                 156          0         0           0    <none> (D) 
    gen_l3[5].neuron_l3_mul_40_48_I13                 156          0         0           0    <none> (D) 
    gen_l3[5].neuron_l3_mul_40_48_I12                 156          0         0           0    <none> (D) 
    gen_l3[5].neuron_l3_mul_40_48_I11                 156          0         0           0    <none> (D) 
    gen_l3[5].neuron_l3_mul_40_48_I10                 156          0         0           0    <none> (D) 
    gen_l3[5].neuron_l3_mul_40_48_I1                  156          0         0           0    <none> (D) 
    gen_l3[5].neuron_l3_csa_tree_add_21_52_groupi      85          0         0           0    <none> (D) 
    gen_l3[5].neuron_l3_add_50_39                      64          0         0           0    <none> (D) 
    gen_l3[5].neuron_l3_add_49_39                      64          0         0           0    <none> (D) 
    gen_l3[5].neuron_l3_add_47_46_I4                   60          0         0           0    <none> (D) 
    gen_l3[5].neuron_l3_add_47_46_I3                   60          0         0           0    <none> (D) 
    gen_l3[5].neuron_l3_add_47_46_I2                   60          0         0           0    <none> (D) 
    gen_l3[5].neuron_l3_add_47_46_I1                   60          0         0           0    <none> (D) 
    gen_l3[5].neuron_l3_add_44_47_I8                   59          0         0           0    <none> (D) 
    gen_l3[5].neuron_l3_add_44_47_I7                   59          0         0           0    <none> (D) 
    gen_l3[5].neuron_l3_add_44_47_I6                   59          0         0           0    <none> (D) 
    gen_l3[5].neuron_l3_add_44_47_I5                   59          0         0           0    <none> (D) 
    gen_l3[5].neuron_l3_add_44_47_I4                   59          0         0           0    <none> (D) 
    gen_l3[5].neuron_l3_add_44_47_I3                   59          0         0           0    <none> (D) 
    gen_l3[5].neuron_l3_add_44_47_I2                   59          0         0           0    <none> (D) 
    gen_l3[5].neuron_l3_add_44_47_I1                   59          0         0           0    <none> (D) 
    gen_l3[4].neuron_l3_mul_40_48_I9                  156          0         0           0    <none> (D) 
    gen_l3[4].neuron_l3_mul_40_48_I8                  156          0         0           0    <none> (D) 
    gen_l3[4].neuron_l3_mul_40_48_I7                  156          0         0           0    <none> (D) 
    gen_l3[4].neuron_l3_mul_40_48_I6                  156          0         0           0    <none> (D) 
    gen_l3[4].neuron_l3_mul_40_48_I5                  156          0         0           0    <none> (D) 
    gen_l3[4].neuron_l3_mul_40_48_I4                  156          0         0           0    <none> (D) 
    gen_l3[4].neuron_l3_mul_40_48_I3                  156          0         0           0    <none> (D) 
    gen_l3[4].neuron_l3_mul_40_48_I2                  156          0         0           0    <none> (D) 
    gen_l3[4].neuron_l3_mul_40_48_I16                 156          0         0           0    <none> (D) 
    gen_l3[4].neuron_l3_mul_40_48_I15                 156          0         0           0    <none> (D) 
    gen_l3[4].neuron_l3_mul_40_48_I14                 156          0         0           0    <none> (D) 
    gen_l3[4].neuron_l3_mul_40_48_I13                 156          0         0           0    <none> (D) 
    gen_l3[4].neuron_l3_mul_40_48_I12                 156          0         0           0    <none> (D) 
    gen_l3[4].neuron_l3_mul_40_48_I11                 156          0         0           0    <none> (D) 
    gen_l3[4].neuron_l3_mul_40_48_I10                 156          0         0           0    <none> (D) 
    gen_l3[4].neuron_l3_mul_40_48_I1                  156          0         0           0    <none> (D) 
    gen_l3[4].neuron_l3_csa_tree_add_21_52_groupi      85          0         0           0    <none> (D) 
    gen_l3[4].neuron_l3_add_50_39                      64          0         0           0    <none> (D) 
    gen_l3[4].neuron_l3_add_49_39                      64          0         0           0    <none> (D) 
    gen_l3[4].neuron_l3_add_47_46_I4                   60          0         0           0    <none> (D) 
    gen_l3[4].neuron_l3_add_47_46_I3                   60          0         0           0    <none> (D) 
    gen_l3[4].neuron_l3_add_47_46_I2                   60          0         0           0    <none> (D) 
    gen_l3[4].neuron_l3_add_47_46_I1                   60          0         0           0    <none> (D) 
    gen_l3[4].neuron_l3_add_44_47_I8                   59          0         0           0    <none> (D) 
    gen_l3[4].neuron_l3_add_44_47_I7                   59          0         0           0    <none> (D) 
    gen_l3[4].neuron_l3_add_44_47_I6                   59          0         0           0    <none> (D) 
    gen_l3[4].neuron_l3_add_44_47_I5                   59          0         0           0    <none> (D) 
    gen_l3[4].neuron_l3_add_44_47_I4                   59          0         0           0    <none> (D) 
    gen_l3[4].neuron_l3_add_44_47_I3                   59          0         0           0    <none> (D) 
    gen_l3[4].neuron_l3_add_44_47_I2                   59          0         0           0    <none> (D) 
    gen_l3[4].neuron_l3_add_44_47_I1                   59          0         0           0    <none> (D) 
    gen_l3[3].neuron_l3_mul_40_48_I9                  156          0         0           0    <none> (D) 
    gen_l3[3].neuron_l3_mul_40_48_I8                  156          0         0           0    <none> (D) 
    gen_l3[3].neuron_l3_mul_40_48_I7                  156          0         0           0    <none> (D) 
    gen_l3[3].neuron_l3_mul_40_48_I6                  156          0         0           0    <none> (D) 
    gen_l3[3].neuron_l3_mul_40_48_I5                  156          0         0           0    <none> (D) 
    gen_l3[3].neuron_l3_mul_40_48_I4                  156          0         0           0    <none> (D) 
    gen_l3[3].neuron_l3_mul_40_48_I3                  156          0         0           0    <none> (D) 
    gen_l3[3].neuron_l3_mul_40_48_I2                  156          0         0           0    <none> (D) 
    gen_l3[3].neuron_l3_mul_40_48_I16                 156          0         0           0    <none> (D) 
    gen_l3[3].neuron_l3_mul_40_48_I15                 156          0         0           0    <none> (D) 
    gen_l3[3].neuron_l3_mul_40_48_I14                 156          0         0           0    <none> (D) 
    gen_l3[3].neuron_l3_mul_40_48_I13                 156          0         0           0    <none> (D) 
    gen_l3[3].neuron_l3_mul_40_48_I12                 156          0         0           0    <none> (D) 
    gen_l3[3].neuron_l3_mul_40_48_I11                 156          0         0           0    <none> (D) 
    gen_l3[3].neuron_l3_mul_40_48_I10                 156          0         0           0    <none> (D) 
    gen_l3[3].neuron_l3_mul_40_48_I1                  156          0         0           0    <none> (D) 
    gen_l3[3].neuron_l3_csa_tree_add_21_52_groupi      85          0         0           0    <none> (D) 
    gen_l3[3].neuron_l3_add_50_39                      64          0         0           0    <none> (D) 
    gen_l3[3].neuron_l3_add_49_39                      64          0         0           0    <none> (D) 
    gen_l3[3].neuron_l3_add_47_46_I4                   60          0         0           0    <none> (D) 
    gen_l3[3].neuron_l3_add_47_46_I3                   60          0         0           0    <none> (D) 
    gen_l3[3].neuron_l3_add_47_46_I2                   60          0         0           0    <none> (D) 
    gen_l3[3].neuron_l3_add_47_46_I1                   60          0         0           0    <none> (D) 
    gen_l3[3].neuron_l3_add_44_47_I8                   59          0         0           0    <none> (D) 
    gen_l3[3].neuron_l3_add_44_47_I7                   59          0         0           0    <none> (D) 
    gen_l3[3].neuron_l3_add_44_47_I6                   59          0         0           0    <none> (D) 
    gen_l3[3].neuron_l3_add_44_47_I5                   59          0         0           0    <none> (D) 
    gen_l3[3].neuron_l3_add_44_47_I4                   59          0         0           0    <none> (D) 
    gen_l3[3].neuron_l3_add_44_47_I3                   59          0         0           0    <none> (D) 
    gen_l3[3].neuron_l3_add_44_47_I2                   59          0         0           0    <none> (D) 
    gen_l3[3].neuron_l3_add_44_47_I1                   59          0         0           0    <none> (D) 
    gen_l3[2].neuron_l3_mul_40_48_I9                  156          0         0           0    <none> (D) 
    gen_l3[2].neuron_l3_mul_40_48_I8                  156          0         0           0    <none> (D) 
    gen_l3[2].neuron_l3_mul_40_48_I7                  156          0         0           0    <none> (D) 
    gen_l3[2].neuron_l3_mul_40_48_I6                  156          0         0           0    <none> (D) 
    gen_l3[2].neuron_l3_mul_40_48_I5                  156          0         0           0    <none> (D) 
    gen_l3[2].neuron_l3_mul_40_48_I4                  156          0         0           0    <none> (D) 
    gen_l3[2].neuron_l3_mul_40_48_I3                  156          0         0           0    <none> (D) 
    gen_l3[2].neuron_l3_mul_40_48_I2                  156          0         0           0    <none> (D) 
    gen_l3[2].neuron_l3_mul_40_48_I16                 156          0         0           0    <none> (D) 
    gen_l3[2].neuron_l3_mul_40_48_I15                 156          0         0           0    <none> (D) 
    gen_l3[2].neuron_l3_mul_40_48_I14                 156          0         0           0    <none> (D) 
    gen_l3[2].neuron_l3_mul_40_48_I13                 156          0         0           0    <none> (D) 
    gen_l3[2].neuron_l3_mul_40_48_I12                 156          0         0           0    <none> (D) 
    gen_l3[2].neuron_l3_mul_40_48_I11                 156          0         0           0    <none> (D) 
    gen_l3[2].neuron_l3_mul_40_48_I10                 156          0         0           0    <none> (D) 
    gen_l3[2].neuron_l3_mul_40_48_I1                  156          0         0           0    <none> (D) 
    gen_l3[2].neuron_l3_csa_tree_add_21_52_groupi      85          0         0           0    <none> (D) 
    gen_l3[2].neuron_l3_add_50_39                      64          0         0           0    <none> (D) 
    gen_l3[2].neuron_l3_add_49_39                      64          0         0           0    <none> (D) 
    gen_l3[2].neuron_l3_add_47_46_I4                   60          0         0           0    <none> (D) 
    gen_l3[2].neuron_l3_add_47_46_I3                   60          0         0           0    <none> (D) 
    gen_l3[2].neuron_l3_add_47_46_I2                   60          0         0           0    <none> (D) 
    gen_l3[2].neuron_l3_add_47_46_I1                   60          0         0           0    <none> (D) 
    gen_l3[2].neuron_l3_add_44_47_I8                   59          0         0           0    <none> (D) 
    gen_l3[2].neuron_l3_add_44_47_I7                   59          0         0           0    <none> (D) 
    gen_l3[2].neuron_l3_add_44_47_I6                   59          0         0           0    <none> (D) 
    gen_l3[2].neuron_l3_add_44_47_I5                   59          0         0           0    <none> (D) 
    gen_l3[2].neuron_l3_add_44_47_I4                   59          0         0           0    <none> (D) 
    gen_l3[2].neuron_l3_add_44_47_I3                   59          0         0           0    <none> (D) 
    gen_l3[2].neuron_l3_add_44_47_I2                   59          0         0           0    <none> (D) 
    gen_l3[2].neuron_l3_add_44_47_I1                   59          0         0           0    <none> (D) 
    gen_l3[1].neuron_l3_mul_40_48_I9                  156          0         0           0    <none> (D) 
    gen_l3[1].neuron_l3_mul_40_48_I8                  156          0         0           0    <none> (D) 
    gen_l3[1].neuron_l3_mul_40_48_I7                  156          0         0           0    <none> (D) 
    gen_l3[1].neuron_l3_mul_40_48_I6                  156          0         0           0    <none> (D) 
    gen_l3[1].neuron_l3_mul_40_48_I5                  156          0         0           0    <none> (D) 
    gen_l3[1].neuron_l3_mul_40_48_I4                  156          0         0           0    <none> (D) 
    gen_l3[1].neuron_l3_mul_40_48_I3                  156          0         0           0    <none> (D) 
    gen_l3[1].neuron_l3_mul_40_48_I2                  156          0         0           0    <none> (D) 
    gen_l3[1].neuron_l3_mul_40_48_I16                 156          0         0           0    <none> (D) 
    gen_l3[1].neuron_l3_mul_40_48_I15                 156          0         0           0    <none> (D) 
    gen_l3[1].neuron_l3_mul_40_48_I14                 156          0         0           0    <none> (D) 
    gen_l3[1].neuron_l3_mul_40_48_I13                 156          0         0           0    <none> (D) 
    gen_l3[1].neuron_l3_mul_40_48_I12                 156          0         0           0    <none> (D) 
    gen_l3[1].neuron_l3_mul_40_48_I11                 156          0         0           0    <none> (D) 
    gen_l3[1].neuron_l3_mul_40_48_I10                 156          0         0           0    <none> (D) 
    gen_l3[1].neuron_l3_mul_40_48_I1                  156          0         0           0    <none> (D) 
    gen_l3[1].neuron_l3_csa_tree_add_21_52_groupi      85          0         0           0    <none> (D) 
    gen_l3[1].neuron_l3_add_50_39                      64          0         0           0    <none> (D) 
    gen_l3[1].neuron_l3_add_49_39                      64          0         0           0    <none> (D) 
    gen_l3[1].neuron_l3_add_47_46_I4                   60          0         0           0    <none> (D) 
    gen_l3[1].neuron_l3_add_47_46_I3                   60          0         0           0    <none> (D) 
    gen_l3[1].neuron_l3_add_47_46_I2                   60          0         0           0    <none> (D) 
    gen_l3[1].neuron_l3_add_47_46_I1                   60          0         0           0    <none> (D) 
    gen_l3[1].neuron_l3_add_44_47_I8                   59          0         0           0    <none> (D) 
    gen_l3[1].neuron_l3_add_44_47_I7                   59          0         0           0    <none> (D) 
    gen_l3[1].neuron_l3_add_44_47_I6                   59          0         0           0    <none> (D) 
    gen_l3[1].neuron_l3_add_44_47_I5                   59          0         0           0    <none> (D) 
    gen_l3[1].neuron_l3_add_44_47_I4                   59          0         0           0    <none> (D) 
    gen_l3[1].neuron_l3_add_44_47_I3                   59          0         0           0    <none> (D) 
    gen_l3[1].neuron_l3_add_44_47_I2                   59          0         0           0    <none> (D) 
    gen_l3[1].neuron_l3_add_44_47_I1                   59          0         0           0    <none> (D) 
    gen_l3[15].neuron_l3_mul_40_48_I9                 156          0         0           0    <none> (D) 
    gen_l3[15].neuron_l3_mul_40_48_I8                 156          0         0           0    <none> (D) 
    gen_l3[15].neuron_l3_mul_40_48_I7                 156          0         0           0    <none> (D) 
    gen_l3[15].neuron_l3_mul_40_48_I6                 156          0         0           0    <none> (D) 
    gen_l3[15].neuron_l3_mul_40_48_I5                 156          0         0           0    <none> (D) 
    gen_l3[15].neuron_l3_mul_40_48_I4                 156          0         0           0    <none> (D) 
    gen_l3[15].neuron_l3_mul_40_48_I3                 156          0         0           0    <none> (D) 
    gen_l3[15].neuron_l3_mul_40_48_I2                 156          0         0           0    <none> (D) 
    gen_l3[15].neuron_l3_mul_40_48_I16                156          0         0           0    <none> (D) 
    gen_l3[15].neuron_l3_mul_40_48_I15                156          0         0           0    <none> (D) 
    gen_l3[15].neuron_l3_mul_40_48_I14                156          0         0           0    <none> (D) 
    gen_l3[15].neuron_l3_mul_40_48_I13                156          0         0           0    <none> (D) 
    gen_l3[15].neuron_l3_mul_40_48_I12                156          0         0           0    <none> (D) 
    gen_l3[15].neuron_l3_mul_40_48_I11                156          0         0           0    <none> (D) 
    gen_l3[15].neuron_l3_mul_40_48_I10                156          0         0           0    <none> (D) 
    gen_l3[15].neuron_l3_mul_40_48_I1                 156          0         0           0    <none> (D) 
    gen_l3[15].neuron_l3_csa_tree_add_21_52_groupi     85          0         0           0    <none> (D) 
    gen_l3[15].neuron_l3_add_50_39                     64          0         0           0    <none> (D) 
    gen_l3[15].neuron_l3_add_49_39                     64          0         0           0    <none> (D) 
    gen_l3[15].neuron_l3_add_47_46_I4                  60          0         0           0    <none> (D) 
    gen_l3[15].neuron_l3_add_47_46_I3                  60          0         0           0    <none> (D) 
    gen_l3[15].neuron_l3_add_47_46_I2                  60          0         0           0    <none> (D) 
    gen_l3[15].neuron_l3_add_47_46_I1                  60          0         0           0    <none> (D) 
    gen_l3[15].neuron_l3_add_44_47_I8                  59          0         0           0    <none> (D) 
    gen_l3[15].neuron_l3_add_44_47_I7                  59          0         0           0    <none> (D) 
    gen_l3[15].neuron_l3_add_44_47_I6                  59          0         0           0    <none> (D) 
    gen_l3[15].neuron_l3_add_44_47_I5                  59          0         0           0    <none> (D) 
    gen_l3[15].neuron_l3_add_44_47_I4                  59          0         0           0    <none> (D) 
    gen_l3[15].neuron_l3_add_44_47_I3                  59          0         0           0    <none> (D) 
    gen_l3[15].neuron_l3_add_44_47_I2                  59          0         0           0    <none> (D) 
    gen_l3[15].neuron_l3_add_44_47_I1                  59          0         0           0    <none> (D) 
    gen_l3[14].neuron_l3_mul_40_48_I9                 156          0         0           0    <none> (D) 
    gen_l3[14].neuron_l3_mul_40_48_I8                 156          0         0           0    <none> (D) 
    gen_l3[14].neuron_l3_mul_40_48_I7                 156          0         0           0    <none> (D) 
    gen_l3[14].neuron_l3_mul_40_48_I6                 156          0         0           0    <none> (D) 
    gen_l3[14].neuron_l3_mul_40_48_I5                 156          0         0           0    <none> (D) 
    gen_l3[14].neuron_l3_mul_40_48_I4                 156          0         0           0    <none> (D) 
    gen_l3[14].neuron_l3_mul_40_48_I3                 156          0         0           0    <none> (D) 
    gen_l3[14].neuron_l3_mul_40_48_I2                 156          0         0           0    <none> (D) 
    gen_l3[14].neuron_l3_mul_40_48_I16                156          0         0           0    <none> (D) 
    gen_l3[14].neuron_l3_mul_40_48_I15                156          0         0           0    <none> (D) 
    gen_l3[14].neuron_l3_mul_40_48_I14                156          0         0           0    <none> (D) 
    gen_l3[14].neuron_l3_mul_40_48_I13                156          0         0           0    <none> (D) 
    gen_l3[14].neuron_l3_mul_40_48_I12                156          0         0           0    <none> (D) 
    gen_l3[14].neuron_l3_mul_40_48_I11                156          0         0           0    <none> (D) 
    gen_l3[14].neuron_l3_mul_40_48_I10                156          0         0           0    <none> (D) 
    gen_l3[14].neuron_l3_mul_40_48_I1                 156          0         0           0    <none> (D) 
    gen_l3[14].neuron_l3_csa_tree_add_21_52_groupi     85          0         0           0    <none> (D) 
    gen_l3[14].neuron_l3_add_50_39                     64          0         0           0    <none> (D) 
    gen_l3[14].neuron_l3_add_49_39                     64          0         0           0    <none> (D) 
    gen_l3[14].neuron_l3_add_47_46_I4                  60          0         0           0    <none> (D) 
    gen_l3[14].neuron_l3_add_47_46_I3                  60          0         0           0    <none> (D) 
    gen_l3[14].neuron_l3_add_47_46_I2                  60          0         0           0    <none> (D) 
    gen_l3[14].neuron_l3_add_47_46_I1                  60          0         0           0    <none> (D) 
    gen_l3[14].neuron_l3_add_44_47_I8                  59          0         0           0    <none> (D) 
    gen_l3[14].neuron_l3_add_44_47_I7                  59          0         0           0    <none> (D) 
    gen_l3[14].neuron_l3_add_44_47_I6                  59          0         0           0    <none> (D) 
    gen_l3[14].neuron_l3_add_44_47_I5                  59          0         0           0    <none> (D) 
    gen_l3[14].neuron_l3_add_44_47_I4                  59          0         0           0    <none> (D) 
    gen_l3[14].neuron_l3_add_44_47_I3                  59          0         0           0    <none> (D) 
    gen_l3[14].neuron_l3_add_44_47_I2                  59          0         0           0    <none> (D) 
    gen_l3[14].neuron_l3_add_44_47_I1                  59          0         0           0    <none> (D) 
    gen_l3[13].neuron_l3_mul_40_48_I9                 156          0         0           0    <none> (D) 
    gen_l3[13].neuron_l3_mul_40_48_I8                 156          0         0           0    <none> (D) 
    gen_l3[13].neuron_l3_mul_40_48_I7                 156          0         0           0    <none> (D) 
    gen_l3[13].neuron_l3_mul_40_48_I6                 156          0         0           0    <none> (D) 
    gen_l3[13].neuron_l3_mul_40_48_I5                 156          0         0           0    <none> (D) 
    gen_l3[13].neuron_l3_mul_40_48_I4                 156          0         0           0    <none> (D) 
    gen_l3[13].neuron_l3_mul_40_48_I3                 156          0         0           0    <none> (D) 
    gen_l3[13].neuron_l3_mul_40_48_I2                 156          0         0           0    <none> (D) 
    gen_l3[13].neuron_l3_mul_40_48_I16                156          0         0           0    <none> (D) 
    gen_l3[13].neuron_l3_mul_40_48_I15                156          0         0           0    <none> (D) 
    gen_l3[13].neuron_l3_mul_40_48_I14                156          0         0           0    <none> (D) 
    gen_l3[13].neuron_l3_mul_40_48_I13                156          0         0           0    <none> (D) 
    gen_l3[13].neuron_l3_mul_40_48_I12                156          0         0           0    <none> (D) 
    gen_l3[13].neuron_l3_mul_40_48_I11                156          0         0           0    <none> (D) 
    gen_l3[13].neuron_l3_mul_40_48_I10                156          0         0           0    <none> (D) 
    gen_l3[13].neuron_l3_mul_40_48_I1                 156          0         0           0    <none> (D) 
    gen_l3[13].neuron_l3_csa_tree_add_21_52_groupi     85          0         0           0    <none> (D) 
    gen_l3[13].neuron_l3_add_50_39                     64          0         0           0    <none> (D) 
    gen_l3[13].neuron_l3_add_49_39                     64          0         0           0    <none> (D) 
    gen_l3[13].neuron_l3_add_47_46_I4                  60          0         0           0    <none> (D) 
    gen_l3[13].neuron_l3_add_47_46_I3                  60          0         0           0    <none> (D) 
    gen_l3[13].neuron_l3_add_47_46_I2                  60          0         0           0    <none> (D) 
    gen_l3[13].neuron_l3_add_47_46_I1                  60          0         0           0    <none> (D) 
    gen_l3[13].neuron_l3_add_44_47_I8                  59          0         0           0    <none> (D) 
    gen_l3[13].neuron_l3_add_44_47_I7                  59          0         0           0    <none> (D) 
    gen_l3[13].neuron_l3_add_44_47_I6                  59          0         0           0    <none> (D) 
    gen_l3[13].neuron_l3_add_44_47_I5                  59          0         0           0    <none> (D) 
    gen_l3[13].neuron_l3_add_44_47_I4                  59          0         0           0    <none> (D) 
    gen_l3[13].neuron_l3_add_44_47_I3                  59          0         0           0    <none> (D) 
    gen_l3[13].neuron_l3_add_44_47_I2                  59          0         0           0    <none> (D) 
    gen_l3[13].neuron_l3_add_44_47_I1                  59          0         0           0    <none> (D) 
    gen_l3[12].neuron_l3_mul_40_48_I9                 156          0         0           0    <none> (D) 
    gen_l3[12].neuron_l3_mul_40_48_I8                 156          0         0           0    <none> (D) 
    gen_l3[12].neuron_l3_mul_40_48_I7                 156          0         0           0    <none> (D) 
    gen_l3[12].neuron_l3_mul_40_48_I6                 156          0         0           0    <none> (D) 
    gen_l3[12].neuron_l3_mul_40_48_I5                 156          0         0           0    <none> (D) 
    gen_l3[12].neuron_l3_mul_40_48_I4                 156          0         0           0    <none> (D) 
    gen_l3[12].neuron_l3_mul_40_48_I3                 156          0         0           0    <none> (D) 
    gen_l3[12].neuron_l3_mul_40_48_I2                 156          0         0           0    <none> (D) 
    gen_l3[12].neuron_l3_mul_40_48_I16                156          0         0           0    <none> (D) 
    gen_l3[12].neuron_l3_mul_40_48_I15                156          0         0           0    <none> (D) 
    gen_l3[12].neuron_l3_mul_40_48_I14                156          0         0           0    <none> (D) 
    gen_l3[12].neuron_l3_mul_40_48_I13                156          0         0           0    <none> (D) 
    gen_l3[12].neuron_l3_mul_40_48_I12                156          0         0           0    <none> (D) 
    gen_l3[12].neuron_l3_mul_40_48_I11                156          0         0           0    <none> (D) 
    gen_l3[12].neuron_l3_mul_40_48_I10                156          0         0           0    <none> (D) 
    gen_l3[12].neuron_l3_mul_40_48_I1                 156          0         0           0    <none> (D) 
    gen_l3[12].neuron_l3_csa_tree_add_21_52_groupi     85          0         0           0    <none> (D) 
    gen_l3[12].neuron_l3_add_50_39                     64          0         0           0    <none> (D) 
    gen_l3[12].neuron_l3_add_49_39                     64          0         0           0    <none> (D) 
    gen_l3[12].neuron_l3_add_47_46_I4                  60          0         0           0    <none> (D) 
    gen_l3[12].neuron_l3_add_47_46_I3                  60          0         0           0    <none> (D) 
    gen_l3[12].neuron_l3_add_47_46_I2                  60          0         0           0    <none> (D) 
    gen_l3[12].neuron_l3_add_47_46_I1                  60          0         0           0    <none> (D) 
    gen_l3[12].neuron_l3_add_44_47_I8                  59          0         0           0    <none> (D) 
    gen_l3[12].neuron_l3_add_44_47_I7                  59          0         0           0    <none> (D) 
    gen_l3[12].neuron_l3_add_44_47_I6                  59          0         0           0    <none> (D) 
    gen_l3[12].neuron_l3_add_44_47_I5                  59          0         0           0    <none> (D) 
    gen_l3[12].neuron_l3_add_44_47_I4                  59          0         0           0    <none> (D) 
    gen_l3[12].neuron_l3_add_44_47_I3                  59          0         0           0    <none> (D) 
    gen_l3[12].neuron_l3_add_44_47_I2                  59          0         0           0    <none> (D) 
    gen_l3[12].neuron_l3_add_44_47_I1                  59          0         0           0    <none> (D) 
    gen_l3[11].neuron_l3_mul_40_48_I9                 156          0         0           0    <none> (D) 
    gen_l3[11].neuron_l3_mul_40_48_I8                 156          0         0           0    <none> (D) 
    gen_l3[11].neuron_l3_mul_40_48_I7                 156          0         0           0    <none> (D) 
    gen_l3[11].neuron_l3_mul_40_48_I6                 156          0         0           0    <none> (D) 
    gen_l3[11].neuron_l3_mul_40_48_I5                 156          0         0           0    <none> (D) 
    gen_l3[11].neuron_l3_mul_40_48_I4                 156          0         0           0    <none> (D) 
    gen_l3[11].neuron_l3_mul_40_48_I3                 156          0         0           0    <none> (D) 
    gen_l3[11].neuron_l3_mul_40_48_I2                 156          0         0           0    <none> (D) 
    gen_l3[11].neuron_l3_mul_40_48_I16                156          0         0           0    <none> (D) 
    gen_l3[11].neuron_l3_mul_40_48_I15                156          0         0           0    <none> (D) 
    gen_l3[11].neuron_l3_mul_40_48_I14                156          0         0           0    <none> (D) 
    gen_l3[11].neuron_l3_mul_40_48_I13                156          0         0           0    <none> (D) 
    gen_l3[11].neuron_l3_mul_40_48_I12                156          0         0           0    <none> (D) 
    gen_l3[11].neuron_l3_mul_40_48_I11                156          0         0           0    <none> (D) 
    gen_l3[11].neuron_l3_mul_40_48_I10                156          0         0           0    <none> (D) 
    gen_l3[11].neuron_l3_mul_40_48_I1                 156          0         0           0    <none> (D) 
    gen_l3[11].neuron_l3_csa_tree_add_21_52_groupi     85          0         0           0    <none> (D) 
    gen_l3[11].neuron_l3_add_50_39                     64          0         0           0    <none> (D) 
    gen_l3[11].neuron_l3_add_49_39                     64          0         0           0    <none> (D) 
    gen_l3[11].neuron_l3_add_47_46_I4                  60          0         0           0    <none> (D) 
    gen_l3[11].neuron_l3_add_47_46_I3                  60          0         0           0    <none> (D) 
    gen_l3[11].neuron_l3_add_47_46_I2                  60          0         0           0    <none> (D) 
    gen_l3[11].neuron_l3_add_47_46_I1                  60          0         0           0    <none> (D) 
    gen_l3[11].neuron_l3_add_44_47_I8                  59          0         0           0    <none> (D) 
    gen_l3[11].neuron_l3_add_44_47_I7                  59          0         0           0    <none> (D) 
    gen_l3[11].neuron_l3_add_44_47_I6                  59          0         0           0    <none> (D) 
    gen_l3[11].neuron_l3_add_44_47_I5                  59          0         0           0    <none> (D) 
    gen_l3[11].neuron_l3_add_44_47_I4                  59          0         0           0    <none> (D) 
    gen_l3[11].neuron_l3_add_44_47_I3                  59          0         0           0    <none> (D) 
    gen_l3[11].neuron_l3_add_44_47_I2                  59          0         0           0    <none> (D) 
    gen_l3[11].neuron_l3_add_44_47_I1                  59          0         0           0    <none> (D) 
    gen_l3[10].neuron_l3_mul_40_48_I9                 156          0         0           0    <none> (D) 
    gen_l3[10].neuron_l3_mul_40_48_I8                 156          0         0           0    <none> (D) 
    gen_l3[10].neuron_l3_mul_40_48_I7                 156          0         0           0    <none> (D) 
    gen_l3[10].neuron_l3_mul_40_48_I6                 156          0         0           0    <none> (D) 
    gen_l3[10].neuron_l3_mul_40_48_I5                 156          0         0           0    <none> (D) 
    gen_l3[10].neuron_l3_mul_40_48_I4                 156          0         0           0    <none> (D) 
    gen_l3[10].neuron_l3_mul_40_48_I3                 156          0         0           0    <none> (D) 
    gen_l3[10].neuron_l3_mul_40_48_I2                 156          0         0           0    <none> (D) 
    gen_l3[10].neuron_l3_mul_40_48_I16                156          0         0           0    <none> (D) 
    gen_l3[10].neuron_l3_mul_40_48_I15                156          0         0           0    <none> (D) 
    gen_l3[10].neuron_l3_mul_40_48_I14                156          0         0           0    <none> (D) 
    gen_l3[10].neuron_l3_mul_40_48_I13                156          0         0           0    <none> (D) 
    gen_l3[10].neuron_l3_mul_40_48_I12                156          0         0           0    <none> (D) 
    gen_l3[10].neuron_l3_mul_40_48_I11                156          0         0           0    <none> (D) 
    gen_l3[10].neuron_l3_mul_40_48_I10                156          0         0           0    <none> (D) 
    gen_l3[10].neuron_l3_mul_40_48_I1                 156          0         0           0    <none> (D) 
    gen_l3[10].neuron_l3_csa_tree_add_21_52_groupi     85          0         0           0    <none> (D) 
    gen_l3[10].neuron_l3_add_50_39                     64          0         0           0    <none> (D) 
    gen_l3[10].neuron_l3_add_49_39                     64          0         0           0    <none> (D) 
    gen_l3[10].neuron_l3_add_47_46_I4                  60          0         0           0    <none> (D) 
    gen_l3[10].neuron_l3_add_47_46_I3                  60          0         0           0    <none> (D) 
    gen_l3[10].neuron_l3_add_47_46_I2                  60          0         0           0    <none> (D) 
    gen_l3[10].neuron_l3_add_47_46_I1                  60          0         0           0    <none> (D) 
    gen_l3[10].neuron_l3_add_44_47_I8                  59          0         0           0    <none> (D) 
    gen_l3[10].neuron_l3_add_44_47_I7                  59          0         0           0    <none> (D) 
    gen_l3[10].neuron_l3_add_44_47_I6                  59          0         0           0    <none> (D) 
    gen_l3[10].neuron_l3_add_44_47_I5                  59          0         0           0    <none> (D) 
    gen_l3[10].neuron_l3_add_44_47_I4                  59          0         0           0    <none> (D) 
    gen_l3[10].neuron_l3_add_44_47_I3                  59          0         0           0    <none> (D) 
    gen_l3[10].neuron_l3_add_44_47_I2                  59          0         0           0    <none> (D) 
    gen_l3[10].neuron_l3_add_44_47_I1                  59          0         0           0    <none> (D) 
    gen_l3[0].neuron_l3_mul_40_48_I9                  156          0         0           0    <none> (D) 
    gen_l3[0].neuron_l3_mul_40_48_I8                  156          0         0           0    <none> (D) 
    gen_l3[0].neuron_l3_mul_40_48_I7                  156          0         0           0    <none> (D) 
    gen_l3[0].neuron_l3_mul_40_48_I6                  156          0         0           0    <none> (D) 
    gen_l3[0].neuron_l3_mul_40_48_I5                  156          0         0           0    <none> (D) 
    gen_l3[0].neuron_l3_mul_40_48_I4                  156          0         0           0    <none> (D) 
    gen_l3[0].neuron_l3_mul_40_48_I3                  156          0         0           0    <none> (D) 
    gen_l3[0].neuron_l3_mul_40_48_I2                  156          0         0           0    <none> (D) 
    gen_l3[0].neuron_l3_mul_40_48_I16                 156          0         0           0    <none> (D) 
    gen_l3[0].neuron_l3_mul_40_48_I15                 156          0         0           0    <none> (D) 
    gen_l3[0].neuron_l3_mul_40_48_I14                 156          0         0           0    <none> (D) 
    gen_l3[0].neuron_l3_mul_40_48_I13                 156          0         0           0    <none> (D) 
    gen_l3[0].neuron_l3_mul_40_48_I12                 156          0         0           0    <none> (D) 
    gen_l3[0].neuron_l3_mul_40_48_I11                 156          0         0           0    <none> (D) 
    gen_l3[0].neuron_l3_mul_40_48_I10                 156          0         0           0    <none> (D) 
    gen_l3[0].neuron_l3_mul_40_48_I1                  156          0         0           0    <none> (D) 
    gen_l3[0].neuron_l3_csa_tree_add_21_52_groupi      85          0         0           0    <none> (D) 
    gen_l3[0].neuron_l3_add_50_39                      64          0         0           0    <none> (D) 
    gen_l3[0].neuron_l3_add_49_39                      64          0         0           0    <none> (D) 
    gen_l3[0].neuron_l3_add_47_46_I4                   60          0         0           0    <none> (D) 
    gen_l3[0].neuron_l3_add_47_46_I3                   60          0         0           0    <none> (D) 
    gen_l3[0].neuron_l3_add_47_46_I2                   60          0         0           0    <none> (D) 
    gen_l3[0].neuron_l3_add_47_46_I1                   60          0         0           0    <none> (D) 
    gen_l3[0].neuron_l3_add_44_47_I8                   59          0         0           0    <none> (D) 
    gen_l3[0].neuron_l3_add_44_47_I7                   59          0         0           0    <none> (D) 
    gen_l3[0].neuron_l3_add_44_47_I6                   59          0         0           0    <none> (D) 
    gen_l3[0].neuron_l3_add_44_47_I5                   59          0         0           0    <none> (D) 
    gen_l3[0].neuron_l3_add_44_47_I4                   59          0         0           0    <none> (D) 
    gen_l3[0].neuron_l3_add_44_47_I3                   59          0         0           0    <none> (D) 
    gen_l3[0].neuron_l3_add_44_47_I2                   59          0         0           0    <none> (D) 
    gen_l3[0].neuron_l3_add_44_47_I1                   59          0         0           0    <none> (D) 
    gen_l2[9].neuron_l2_mul_36_48_I8                  166          0         0           0    <none> (D) 
    gen_l2[9].neuron_l2_mul_36_48_I7                  166          0         0           0    <none> (D) 
    gen_l2[9].neuron_l2_mul_36_48_I6                  166          0         0           0    <none> (D) 
    gen_l2[9].neuron_l2_mul_36_48_I5                  166          0         0           0    <none> (D) 
    gen_l2[9].neuron_l2_mul_36_48_I4                  166          0         0           0    <none> (D) 
    gen_l2[9].neuron_l2_mul_36_48_I3                  166          0         0           0    <none> (D) 
    gen_l2[9].neuron_l2_mul_36_48_I2                  166          0         0           0    <none> (D) 
    gen_l2[9].neuron_l2_mul_36_48_I1                  166          0         0           0    <none> (D) 
    gen_l2[9].neuron_l2_csa_tree_add_20_52_groupi      85          0         0           0    <none> (D) 
    gen_l2[9].neuron_l2_add_43_39                      67          0         0           0    <none> (D) 
    gen_l2[9].neuron_l2_add_42_39                      67          0         0           0    <none> (D) 
    gen_l2[9].neuron_l2_add_40_47_I4                   63          0         0           0    <none> (D) 
    gen_l2[9].neuron_l2_add_40_47_I3                   63          0         0           0    <none> (D) 
    gen_l2[9].neuron_l2_add_40_47_I2                   63          0         0           0    <none> (D) 
    gen_l2[9].neuron_l2_add_40_47_I1                   63          0         0           0    <none> (D) 
    gen_l2[8].neuron_l2_mul_36_48_I8                  166          0         0           0    <none> (D) 
    gen_l2[8].neuron_l2_mul_36_48_I7                  166          0         0           0    <none> (D) 
    gen_l2[8].neuron_l2_mul_36_48_I6                  166          0         0           0    <none> (D) 
    gen_l2[8].neuron_l2_mul_36_48_I5                  166          0         0           0    <none> (D) 
    gen_l2[8].neuron_l2_mul_36_48_I4                  166          0         0           0    <none> (D) 
    gen_l2[8].neuron_l2_mul_36_48_I3                  166          0         0           0    <none> (D) 
    gen_l2[8].neuron_l2_mul_36_48_I2                  166          0         0           0    <none> (D) 
    gen_l2[8].neuron_l2_mul_36_48_I1                  166          0         0           0    <none> (D) 
    gen_l2[8].neuron_l2_csa_tree_add_20_52_groupi      85          0         0           0    <none> (D) 
    gen_l2[8].neuron_l2_add_43_39                      67          0         0           0    <none> (D) 
    gen_l2[8].neuron_l2_add_42_39                      67          0         0           0    <none> (D) 
    gen_l2[8].neuron_l2_add_40_47_I4                   63          0         0           0    <none> (D) 
    gen_l2[8].neuron_l2_add_40_47_I3                   63          0         0           0    <none> (D) 
    gen_l2[8].neuron_l2_add_40_47_I2                   63          0         0           0    <none> (D) 
    gen_l2[8].neuron_l2_add_40_47_I1                   63          0         0           0    <none> (D) 
    gen_l2[7].neuron_l2_mul_36_48_I8                  166          0         0           0    <none> (D) 
    gen_l2[7].neuron_l2_mul_36_48_I7                  166          0         0           0    <none> (D) 
    gen_l2[7].neuron_l2_mul_36_48_I6                  166          0         0           0    <none> (D) 
    gen_l2[7].neuron_l2_mul_36_48_I5                  166          0         0           0    <none> (D) 
    gen_l2[7].neuron_l2_mul_36_48_I4                  166          0         0           0    <none> (D) 
    gen_l2[7].neuron_l2_mul_36_48_I3                  166          0         0           0    <none> (D) 
    gen_l2[7].neuron_l2_mul_36_48_I2                  166          0         0           0    <none> (D) 
    gen_l2[7].neuron_l2_mul_36_48_I1                  166          0         0           0    <none> (D) 
    gen_l2[7].neuron_l2_csa_tree_add_20_52_groupi      85          0         0           0    <none> (D) 
    gen_l2[7].neuron_l2_add_43_39                      67          0         0           0    <none> (D) 
    gen_l2[7].neuron_l2_add_42_39                      67          0         0           0    <none> (D) 
    gen_l2[7].neuron_l2_add_40_47_I4                   63          0         0           0    <none> (D) 
    gen_l2[7].neuron_l2_add_40_47_I3                   63          0         0           0    <none> (D) 
    gen_l2[7].neuron_l2_add_40_47_I2                   63          0         0           0    <none> (D) 
    gen_l2[7].neuron_l2_add_40_47_I1                   63          0         0           0    <none> (D) 
    gen_l2[6].neuron_l2_mul_36_48_I8                  166          0         0           0    <none> (D) 
    gen_l2[6].neuron_l2_mul_36_48_I7                  166          0         0           0    <none> (D) 
    gen_l2[6].neuron_l2_mul_36_48_I6                  166          0         0           0    <none> (D) 
    gen_l2[6].neuron_l2_mul_36_48_I5                  166          0         0           0    <none> (D) 
    gen_l2[6].neuron_l2_mul_36_48_I4                  166          0         0           0    <none> (D) 
    gen_l2[6].neuron_l2_mul_36_48_I3                  166          0         0           0    <none> (D) 
    gen_l2[6].neuron_l2_mul_36_48_I2                  166          0         0           0    <none> (D) 
    gen_l2[6].neuron_l2_mul_36_48_I1                  166          0         0           0    <none> (D) 
    gen_l2[6].neuron_l2_csa_tree_add_20_52_groupi      85          0         0           0    <none> (D) 
    gen_l2[6].neuron_l2_add_43_39                      67          0         0           0    <none> (D) 
    gen_l2[6].neuron_l2_add_42_39                      67          0         0           0    <none> (D) 
    gen_l2[6].neuron_l2_add_40_47_I4                   63          0         0           0    <none> (D) 
    gen_l2[6].neuron_l2_add_40_47_I3                   63          0         0           0    <none> (D) 
    gen_l2[6].neuron_l2_add_40_47_I2                   63          0         0           0    <none> (D) 
    gen_l2[6].neuron_l2_add_40_47_I1                   63          0         0           0    <none> (D) 
    gen_l2[5].neuron_l2_mul_36_48_I8                  166          0         0           0    <none> (D) 
    gen_l2[5].neuron_l2_mul_36_48_I7                  166          0         0           0    <none> (D) 
    gen_l2[5].neuron_l2_mul_36_48_I6                  166          0         0           0    <none> (D) 
    gen_l2[5].neuron_l2_mul_36_48_I5                  166          0         0           0    <none> (D) 
    gen_l2[5].neuron_l2_mul_36_48_I4                  166          0         0           0    <none> (D) 
    gen_l2[5].neuron_l2_mul_36_48_I3                  166          0         0           0    <none> (D) 
    gen_l2[5].neuron_l2_mul_36_48_I2                  166          0         0           0    <none> (D) 
    gen_l2[5].neuron_l2_mul_36_48_I1                  166          0         0           0    <none> (D) 
    gen_l2[5].neuron_l2_csa_tree_add_20_52_groupi      85          0         0           0    <none> (D) 
    gen_l2[5].neuron_l2_add_43_39                      67          0         0           0    <none> (D) 
    gen_l2[5].neuron_l2_add_42_39                      67          0         0           0    <none> (D) 
    gen_l2[5].neuron_l2_add_40_47_I4                   63          0         0           0    <none> (D) 
    gen_l2[5].neuron_l2_add_40_47_I3                   63          0         0           0    <none> (D) 
    gen_l2[5].neuron_l2_add_40_47_I2                   63          0         0           0    <none> (D) 
    gen_l2[5].neuron_l2_add_40_47_I1                   63          0         0           0    <none> (D) 
    gen_l2[4].neuron_l2_mul_36_48_I8                  166          0         0           0    <none> (D) 
    gen_l2[4].neuron_l2_mul_36_48_I7                  166          0         0           0    <none> (D) 
    gen_l2[4].neuron_l2_mul_36_48_I6                  166          0         0           0    <none> (D) 
    gen_l2[4].neuron_l2_mul_36_48_I5                  166          0         0           0    <none> (D) 
    gen_l2[4].neuron_l2_mul_36_48_I4                  166          0         0           0    <none> (D) 
    gen_l2[4].neuron_l2_mul_36_48_I3                  166          0         0           0    <none> (D) 
    gen_l2[4].neuron_l2_mul_36_48_I2                  166          0         0           0    <none> (D) 
    gen_l2[4].neuron_l2_mul_36_48_I1                  166          0         0           0    <none> (D) 
    gen_l2[4].neuron_l2_csa_tree_add_20_52_groupi      85          0         0           0    <none> (D) 
    gen_l2[4].neuron_l2_add_43_39                      67          0         0           0    <none> (D) 
    gen_l2[4].neuron_l2_add_42_39                      67          0         0           0    <none> (D) 
    gen_l2[4].neuron_l2_add_40_47_I4                   63          0         0           0    <none> (D) 
    gen_l2[4].neuron_l2_add_40_47_I3                   63          0         0           0    <none> (D) 
    gen_l2[4].neuron_l2_add_40_47_I2                   63          0         0           0    <none> (D) 
    gen_l2[4].neuron_l2_add_40_47_I1                   63          0         0           0    <none> (D) 
    gen_l2[3].neuron_l2_mul_36_48_I8                  166          0         0           0    <none> (D) 
    gen_l2[3].neuron_l2_mul_36_48_I7                  166          0         0           0    <none> (D) 
    gen_l2[3].neuron_l2_mul_36_48_I6                  166          0         0           0    <none> (D) 
    gen_l2[3].neuron_l2_mul_36_48_I5                  166          0         0           0    <none> (D) 
    gen_l2[3].neuron_l2_mul_36_48_I4                  166          0         0           0    <none> (D) 
    gen_l2[3].neuron_l2_mul_36_48_I3                  166          0         0           0    <none> (D) 
    gen_l2[3].neuron_l2_mul_36_48_I2                  166          0         0           0    <none> (D) 
    gen_l2[3].neuron_l2_mul_36_48_I1                  166          0         0           0    <none> (D) 
    gen_l2[3].neuron_l2_csa_tree_add_20_52_groupi      85          0         0           0    <none> (D) 
    gen_l2[3].neuron_l2_add_43_39                      67          0         0           0    <none> (D) 
    gen_l2[3].neuron_l2_add_42_39                      67          0         0           0    <none> (D) 
    gen_l2[3].neuron_l2_add_40_47_I4                   63          0         0           0    <none> (D) 
    gen_l2[3].neuron_l2_add_40_47_I3                   63          0         0           0    <none> (D) 
    gen_l2[3].neuron_l2_add_40_47_I2                   63          0         0           0    <none> (D) 
    gen_l2[3].neuron_l2_add_40_47_I1                   63          0         0           0    <none> (D) 
    gen_l2[2].neuron_l2_mul_36_48_I8                  166          0         0           0    <none> (D) 
    gen_l2[2].neuron_l2_mul_36_48_I7                  166          0         0           0    <none> (D) 
    gen_l2[2].neuron_l2_mul_36_48_I6                  166          0         0           0    <none> (D) 
    gen_l2[2].neuron_l2_mul_36_48_I5                  166          0         0           0    <none> (D) 
    gen_l2[2].neuron_l2_mul_36_48_I4                  166          0         0           0    <none> (D) 
    gen_l2[2].neuron_l2_mul_36_48_I3                  166          0         0           0    <none> (D) 
    gen_l2[2].neuron_l2_mul_36_48_I2                  166          0         0           0    <none> (D) 
    gen_l2[2].neuron_l2_mul_36_48_I1                  166          0         0           0    <none> (D) 
    gen_l2[2].neuron_l2_csa_tree_add_20_52_groupi      85          0         0           0    <none> (D) 
    gen_l2[2].neuron_l2_add_43_39                      67          0         0           0    <none> (D) 
    gen_l2[2].neuron_l2_add_42_39                      67          0         0           0    <none> (D) 
    gen_l2[2].neuron_l2_add_40_47_I4                   63          0         0           0    <none> (D) 
    gen_l2[2].neuron_l2_add_40_47_I3                   63          0         0           0    <none> (D) 
    gen_l2[2].neuron_l2_add_40_47_I2                   63          0         0           0    <none> (D) 
    gen_l2[2].neuron_l2_add_40_47_I1                   63          0         0           0    <none> (D) 
    gen_l2[1].neuron_l2_mul_36_48_I8                  166          0         0           0    <none> (D) 
    gen_l2[1].neuron_l2_mul_36_48_I7                  166          0         0           0    <none> (D) 
    gen_l2[1].neuron_l2_mul_36_48_I6                  166          0         0           0    <none> (D) 
    gen_l2[1].neuron_l2_mul_36_48_I5                  166          0         0           0    <none> (D) 
    gen_l2[1].neuron_l2_mul_36_48_I4                  166          0         0           0    <none> (D) 
    gen_l2[1].neuron_l2_mul_36_48_I3                  166          0         0           0    <none> (D) 
    gen_l2[1].neuron_l2_mul_36_48_I2                  166          0         0           0    <none> (D) 
    gen_l2[1].neuron_l2_mul_36_48_I1                  166          0         0           0    <none> (D) 
    gen_l2[1].neuron_l2_csa_tree_add_20_52_groupi      85          0         0           0    <none> (D) 
    gen_l2[1].neuron_l2_add_43_39                      67          0         0           0    <none> (D) 
    gen_l2[1].neuron_l2_add_42_39                      67          0         0           0    <none> (D) 
    gen_l2[1].neuron_l2_add_40_47_I4                   63          0         0           0    <none> (D) 
    gen_l2[1].neuron_l2_add_40_47_I3                   63          0         0           0    <none> (D) 
    gen_l2[1].neuron_l2_add_40_47_I2                   63          0         0           0    <none> (D) 
    gen_l2[1].neuron_l2_add_40_47_I1                   63          0         0           0    <none> (D) 
    gen_l2[15].neuron_l2_mul_36_48_I8                 166          0         0           0    <none> (D) 
    gen_l2[15].neuron_l2_mul_36_48_I7                 166          0         0           0    <none> (D) 
    gen_l2[15].neuron_l2_mul_36_48_I6                 166          0         0           0    <none> (D) 
    gen_l2[15].neuron_l2_mul_36_48_I5                 166          0         0           0    <none> (D) 
    gen_l2[15].neuron_l2_mul_36_48_I4                 166          0         0           0    <none> (D) 
    gen_l2[15].neuron_l2_mul_36_48_I3                 166          0         0           0    <none> (D) 
    gen_l2[15].neuron_l2_mul_36_48_I2                 166          0         0           0    <none> (D) 
    gen_l2[15].neuron_l2_mul_36_48_I1                 166          0         0           0    <none> (D) 
    gen_l2[15].neuron_l2_csa_tree_add_20_52_groupi     85          0         0           0    <none> (D) 
    gen_l2[15].neuron_l2_add_43_39                     67          0         0           0    <none> (D) 
    gen_l2[15].neuron_l2_add_42_39                     67          0         0           0    <none> (D) 
    gen_l2[15].neuron_l2_add_40_47_I4                  63          0         0           0    <none> (D) 
    gen_l2[15].neuron_l2_add_40_47_I3                  63          0         0           0    <none> (D) 
    gen_l2[15].neuron_l2_add_40_47_I2                  63          0         0           0    <none> (D) 
    gen_l2[15].neuron_l2_add_40_47_I1                  63          0         0           0    <none> (D) 
    gen_l2[14].neuron_l2_mul_36_48_I8                 166          0         0           0    <none> (D) 
    gen_l2[14].neuron_l2_mul_36_48_I7                 166          0         0           0    <none> (D) 
    gen_l2[14].neuron_l2_mul_36_48_I6                 166          0         0           0    <none> (D) 
    gen_l2[14].neuron_l2_mul_36_48_I5                 166          0         0           0    <none> (D) 
    gen_l2[14].neuron_l2_mul_36_48_I4                 166          0         0           0    <none> (D) 
    gen_l2[14].neuron_l2_mul_36_48_I3                 166          0         0           0    <none> (D) 
    gen_l2[14].neuron_l2_mul_36_48_I2                 166          0         0           0    <none> (D) 
    gen_l2[14].neuron_l2_mul_36_48_I1                 166          0         0           0    <none> (D) 
    gen_l2[14].neuron_l2_csa_tree_add_20_52_groupi     85          0         0           0    <none> (D) 
    gen_l2[14].neuron_l2_add_43_39                     67          0         0           0    <none> (D) 
    gen_l2[14].neuron_l2_add_42_39                     67          0         0           0    <none> (D) 
    gen_l2[14].neuron_l2_add_40_47_I4                  63          0         0           0    <none> (D) 
    gen_l2[14].neuron_l2_add_40_47_I3                  63          0         0           0    <none> (D) 
    gen_l2[14].neuron_l2_add_40_47_I2                  63          0         0           0    <none> (D) 
    gen_l2[14].neuron_l2_add_40_47_I1                  63          0         0           0    <none> (D) 
    gen_l2[13].neuron_l2_mul_36_48_I8                 166          0         0           0    <none> (D) 
    gen_l2[13].neuron_l2_mul_36_48_I7                 166          0         0           0    <none> (D) 
    gen_l2[13].neuron_l2_mul_36_48_I6                 166          0         0           0    <none> (D) 
    gen_l2[13].neuron_l2_mul_36_48_I5                 166          0         0           0    <none> (D) 
    gen_l2[13].neuron_l2_mul_36_48_I4                 166          0         0           0    <none> (D) 
    gen_l2[13].neuron_l2_mul_36_48_I3                 166          0         0           0    <none> (D) 
    gen_l2[13].neuron_l2_mul_36_48_I2                 166          0         0           0    <none> (D) 
    gen_l2[13].neuron_l2_mul_36_48_I1                 166          0         0           0    <none> (D) 
    gen_l2[13].neuron_l2_csa_tree_add_20_52_groupi     85          0         0           0    <none> (D) 
    gen_l2[13].neuron_l2_add_43_39                     67          0         0           0    <none> (D) 
    gen_l2[13].neuron_l2_add_42_39                     67          0         0           0    <none> (D) 
    gen_l2[13].neuron_l2_add_40_47_I4                  63          0         0           0    <none> (D) 
    gen_l2[13].neuron_l2_add_40_47_I3                  63          0         0           0    <none> (D) 
    gen_l2[13].neuron_l2_add_40_47_I2                  63          0         0           0    <none> (D) 
    gen_l2[13].neuron_l2_add_40_47_I1                  63          0         0           0    <none> (D) 
    gen_l2[12].neuron_l2_mul_36_48_I8                 166          0         0           0    <none> (D) 
    gen_l2[12].neuron_l2_mul_36_48_I7                 166          0         0           0    <none> (D) 
    gen_l2[12].neuron_l2_mul_36_48_I6                 166          0         0           0    <none> (D) 
    gen_l2[12].neuron_l2_mul_36_48_I5                 166          0         0           0    <none> (D) 
    gen_l2[12].neuron_l2_mul_36_48_I4                 166          0         0           0    <none> (D) 
    gen_l2[12].neuron_l2_mul_36_48_I3                 166          0         0           0    <none> (D) 
    gen_l2[12].neuron_l2_mul_36_48_I2                 166          0         0           0    <none> (D) 
    gen_l2[12].neuron_l2_mul_36_48_I1                 166          0         0           0    <none> (D) 
    gen_l2[12].neuron_l2_csa_tree_add_20_52_groupi     85          0         0           0    <none> (D) 
    gen_l2[12].neuron_l2_add_43_39                     67          0         0           0    <none> (D) 
    gen_l2[12].neuron_l2_add_42_39                     67          0         0           0    <none> (D) 
    gen_l2[12].neuron_l2_add_40_47_I4                  63          0         0           0    <none> (D) 
    gen_l2[12].neuron_l2_add_40_47_I3                  63          0         0           0    <none> (D) 
    gen_l2[12].neuron_l2_add_40_47_I2                  63          0         0           0    <none> (D) 
    gen_l2[12].neuron_l2_add_40_47_I1                  63          0         0           0    <none> (D) 
    gen_l2[11].neuron_l2_mul_36_48_I8                 166          0         0           0    <none> (D) 
    gen_l2[11].neuron_l2_mul_36_48_I7                 166          0         0           0    <none> (D) 
    gen_l2[11].neuron_l2_mul_36_48_I6                 166          0         0           0    <none> (D) 
    gen_l2[11].neuron_l2_mul_36_48_I5                 166          0         0           0    <none> (D) 
    gen_l2[11].neuron_l2_mul_36_48_I4                 166          0         0           0    <none> (D) 
    gen_l2[11].neuron_l2_mul_36_48_I3                 166          0         0           0    <none> (D) 
    gen_l2[11].neuron_l2_mul_36_48_I2                 166          0         0           0    <none> (D) 
    gen_l2[11].neuron_l2_mul_36_48_I1                 166          0         0           0    <none> (D) 
    gen_l2[11].neuron_l2_csa_tree_add_20_52_groupi     85          0         0           0    <none> (D) 
    gen_l2[11].neuron_l2_add_43_39                     67          0         0           0    <none> (D) 
    gen_l2[11].neuron_l2_add_42_39                     67          0         0           0    <none> (D) 
    gen_l2[11].neuron_l2_add_40_47_I4                  63          0         0           0    <none> (D) 
    gen_l2[11].neuron_l2_add_40_47_I3                  63          0         0           0    <none> (D) 
    gen_l2[11].neuron_l2_add_40_47_I2                  63          0         0           0    <none> (D) 
    gen_l2[11].neuron_l2_add_40_47_I1                  63          0         0           0    <none> (D) 
    gen_l2[10].neuron_l2_mul_36_48_I8                 166          0         0           0    <none> (D) 
    gen_l2[10].neuron_l2_mul_36_48_I7                 166          0         0           0    <none> (D) 
    gen_l2[10].neuron_l2_mul_36_48_I6                 166          0         0           0    <none> (D) 
    gen_l2[10].neuron_l2_mul_36_48_I5                 166          0         0           0    <none> (D) 
    gen_l2[10].neuron_l2_mul_36_48_I4                 166          0         0           0    <none> (D) 
    gen_l2[10].neuron_l2_mul_36_48_I3                 166          0         0           0    <none> (D) 
    gen_l2[10].neuron_l2_mul_36_48_I2                 166          0         0           0    <none> (D) 
    gen_l2[10].neuron_l2_mul_36_48_I1                 166          0         0           0    <none> (D) 
    gen_l2[10].neuron_l2_csa_tree_add_20_52_groupi     85          0         0           0    <none> (D) 
    gen_l2[10].neuron_l2_add_43_39                     67          0         0           0    <none> (D) 
    gen_l2[10].neuron_l2_add_42_39                     67          0         0           0    <none> (D) 
    gen_l2[10].neuron_l2_add_40_47_I4                  63          0         0           0    <none> (D) 
    gen_l2[10].neuron_l2_add_40_47_I3                  63          0         0           0    <none> (D) 
    gen_l2[10].neuron_l2_add_40_47_I2                  63          0         0           0    <none> (D) 
    gen_l2[10].neuron_l2_add_40_47_I1                  63          0         0           0    <none> (D) 
    gen_l2[0].neuron_l2_mul_36_48_I8                  166          0         0           0    <none> (D) 
    gen_l2[0].neuron_l2_mul_36_48_I7                  166          0         0           0    <none> (D) 
    gen_l2[0].neuron_l2_mul_36_48_I6                  166          0         0           0    <none> (D) 
    gen_l2[0].neuron_l2_mul_36_48_I5                  166          0         0           0    <none> (D) 
    gen_l2[0].neuron_l2_mul_36_48_I4                  166          0         0           0    <none> (D) 
    gen_l2[0].neuron_l2_mul_36_48_I3                  166          0         0           0    <none> (D) 
    gen_l2[0].neuron_l2_mul_36_48_I2                  166          0         0           0    <none> (D) 
    gen_l2[0].neuron_l2_mul_36_48_I1                  166          0         0           0    <none> (D) 
    gen_l2[0].neuron_l2_csa_tree_add_20_52_groupi      85          0         0           0    <none> (D) 
    gen_l2[0].neuron_l2_add_43_39                      67          0         0           0    <none> (D) 
    gen_l2[0].neuron_l2_add_42_39                      67          0         0           0    <none> (D) 
    gen_l2[0].neuron_l2_add_40_47_I4                   63          0         0           0    <none> (D) 
    gen_l2[0].neuron_l2_add_40_47_I3                   63          0         0           0    <none> (D) 
    gen_l2[0].neuron_l2_add_40_47_I2                   63          0         0           0    <none> (D) 
    gen_l2[0].neuron_l2_add_40_47_I1                   63          0         0           0    <none> (D) 
    gen_l1[7].neuron_l1_mul_33_48_I4                  155          0         0           0    <none> (D) 
    gen_l1[7].neuron_l1_mul_33_48_I3                  156          0         0           0    <none> (D) 
    gen_l1[7].neuron_l1_mul_33_48_I2                  155          0         0           0    <none> (D) 
    gen_l1[7].neuron_l1_mul_33_48_I1                  155          0         0           0    <none> (D) 
    gen_l1[7].neuron_l1_final_adder_add_19_52          57          0         0           0    <none> (D) 
    gen_l1[7].neuron_l1_add_38_40                      59          0         0           0    <none> (D) 
    gen_l1[7].neuron_l1_add_37_40                      59          0         0           0    <none> (D) 
    gen_l1[6].neuron_l1_mul_33_48_I4                  155          0         0           0    <none> (D) 
    gen_l1[6].neuron_l1_mul_33_48_I3                  156          0         0           0    <none> (D) 
    gen_l1[6].neuron_l1_mul_33_48_I2                  155          0         0           0    <none> (D) 
    gen_l1[6].neuron_l1_mul_33_48_I1                  155          0         0           0    <none> (D) 
    gen_l1[6].neuron_l1_final_adder_add_19_52          57          0         0           0    <none> (D) 
    gen_l1[6].neuron_l1_add_38_40                      59          0         0           0    <none> (D) 
    gen_l1[6].neuron_l1_add_37_40                      59          0         0           0    <none> (D) 
    gen_l1[5].neuron_l1_mul_33_48_I4                  155          0         0           0    <none> (D) 
    gen_l1[5].neuron_l1_mul_33_48_I3                  156          0         0           0    <none> (D) 
    gen_l1[5].neuron_l1_mul_33_48_I2                  155          0         0           0    <none> (D) 
    gen_l1[5].neuron_l1_mul_33_48_I1                  155          0         0           0    <none> (D) 
    gen_l1[5].neuron_l1_final_adder_add_19_52          57          0         0           0    <none> (D) 
    gen_l1[5].neuron_l1_add_38_40                      59          0         0           0    <none> (D) 
    gen_l1[5].neuron_l1_add_37_40                      59          0         0           0    <none> (D) 
    gen_l1[4].neuron_l1_mul_33_48_I4                  155          0         0           0    <none> (D) 
    gen_l1[4].neuron_l1_mul_33_48_I3                  156          0         0           0    <none> (D) 
    gen_l1[4].neuron_l1_mul_33_48_I2                  155          0         0           0    <none> (D) 
    gen_l1[4].neuron_l1_mul_33_48_I1                  155          0         0           0    <none> (D) 
    gen_l1[4].neuron_l1_final_adder_add_19_52          57          0         0           0    <none> (D) 
    gen_l1[4].neuron_l1_add_38_40                      59          0         0           0    <none> (D) 
    gen_l1[4].neuron_l1_add_37_40                      59          0         0           0    <none> (D) 
    gen_l1[3].neuron_l1_mul_33_48_I4                  155          0         0           0    <none> (D) 
    gen_l1[3].neuron_l1_mul_33_48_I3                  156          0         0           0    <none> (D) 
    gen_l1[3].neuron_l1_mul_33_48_I2                  155          0         0           0    <none> (D) 
    gen_l1[3].neuron_l1_mul_33_48_I1                  155          0         0           0    <none> (D) 
    gen_l1[3].neuron_l1_final_adder_add_19_52          57          0         0           0    <none> (D) 
    gen_l1[3].neuron_l1_add_38_40                      59          0         0           0    <none> (D) 
    gen_l1[3].neuron_l1_add_37_40                      59          0         0           0    <none> (D) 
    gen_l1[2].neuron_l1_mul_33_48_I4                  155          0         0           0    <none> (D) 
    gen_l1[2].neuron_l1_mul_33_48_I3                  156          0         0           0    <none> (D) 
    gen_l1[2].neuron_l1_mul_33_48_I2                  155          0         0           0    <none> (D) 
    gen_l1[2].neuron_l1_mul_33_48_I1                  155          0         0           0    <none> (D) 
    gen_l1[2].neuron_l1_final_adder_add_19_52          57          0         0           0    <none> (D) 
    gen_l1[2].neuron_l1_add_38_40                      59          0         0           0    <none> (D) 
    gen_l1[2].neuron_l1_add_37_40                      59          0         0           0    <none> (D) 
    gen_l1[1].neuron_l1_mul_33_48_I4                  155          0         0           0    <none> (D) 
    gen_l1[1].neuron_l1_mul_33_48_I3                  156          0         0           0    <none> (D) 
    gen_l1[1].neuron_l1_mul_33_48_I2                  155          0         0           0    <none> (D) 
    gen_l1[1].neuron_l1_mul_33_48_I1                  155          0         0           0    <none> (D) 
    gen_l1[1].neuron_l1_final_adder_add_19_52          57          0         0           0    <none> (D) 
    gen_l1[1].neuron_l1_add_38_40                      59          0         0           0    <none> (D) 
    gen_l1[1].neuron_l1_add_37_40                      59          0         0           0    <none> (D) 
    gen_l1[0].neuron_l1_mul_33_48_I4                  155          0         0           0    <none> (D) 
    gen_l1[0].neuron_l1_mul_33_48_I3                  156          0         0           0    <none> (D) 
    gen_l1[0].neuron_l1_mul_33_48_I2                  155          0         0           0    <none> (D) 
    gen_l1[0].neuron_l1_mul_33_48_I1                  155          0         0           0    <none> (D) 
    gen_l1[0].neuron_l1_final_adder_add_19_52          57          0         0           0    <none> (D) 
    gen_l1[0].neuron_l1_add_38_40                      59          0         0           0    <none> (D) 
    gen_l1[0].neuron_l1_add_37_40                      59          0         0           0    <none> (D) 
    csa_tree_sub_66_34_pad_groupi                     130          0         0           0    <none> (D) 
    csa_tree_sub_60_34_pad_groupi                      84          0         0           0    <none> (D) 
    csa_tree_sub_54_34_pad_groupi                     128          0         0           0    <none> (D) 
    csa_tree_sub_48_34_pad_groupi                     142          0         0           0    <none> (D) 

 (D) = wireload is default in technology library
