============================================================
  Generated by:           Encounter(R) RTL Compiler v12.10-s012_1
  Generated on:           Sep 03 2026  01:11:47 am
  Module:                 adas_accelerator_top
  Technology library:     gpdk045bc 
  Operating conditions:   slow (balanced_tree)
  Wireload mode:          enclosed
  Area mode:              timing library
============================================================

                                      Leakage     Dynamic       Total    
           Instance            Cells Power(nW)   Power(nW)    Power(nW)  
-------------------------------------------------------------------------
adas_accelerator_top          125060 34703.287 82444204.269 82478907.556 
  core_inst                   112712 29341.917 74725733.286 74755075.203 
    gen_l2[0]..._mul_36_48_I1    166    42.314    80197.909    80240.223 
    gen_l2[0]..._mul_36_48_I2    166    42.314    88290.202    88332.517 
    gen_l2[0]..._mul_36_48_I3    166    42.314    76091.469    76133.784 
    gen_l2[0]..._mul_36_48_I4    166    42.314    84648.293    84690.607 
    gen_l2[0]..._mul_36_48_I5    166    42.314    74380.861    74423.175 
    gen_l2[0]..._mul_36_48_I6    166    42.314    96932.604    96974.918 
    gen_l2[0]..._mul_36_48_I7    166    42.314    85768.568    85810.882 
    gen_l2[0]..._mul_36_48_I8    166    42.314    81886.328    81928.642 
    gen_l2[10].._mul_36_48_I1    166    42.314    75895.372    75937.686 
    gen_l2[10].._mul_36_48_I2    166    42.314    87545.735    87588.050 
    gen_l2[10].._mul_36_48_I3    166    42.314    86956.695    86999.009 
    gen_l2[10].._mul_36_48_I4    166    42.314    87959.446    88001.760 
    gen_l2[10].._mul_36_48_I5    166    42.314    89322.602    89364.916 
    gen_l2[10].._mul_36_48_I6    166    42.314    99181.901    99224.215 
    gen_l2[10].._mul_36_48_I7    166    42.314    89239.449    89281.763 
    gen_l2[10].._mul_36_48_I8    166    42.314    86689.118    86731.432 
    gen_l2[11].._mul_36_48_I1    166    42.314    82143.558    82185.872 
    gen_l2[11].._mul_36_48_I2    166    42.314    95117.952    95160.266 
    gen_l2[11].._mul_36_48_I3    166    42.314    87882.579    87924.893 
    gen_l2[11].._mul_36_48_I4    166    42.314    91909.430    91951.744 
    gen_l2[11].._mul_36_48_I5    166    42.314    92105.382    92147.696 
    gen_l2[11].._mul_36_48_I6    166    42.314    98441.928    98484.242 
    gen_l2[11].._mul_36_48_I7    166    42.314    88362.788    88405.102 
    gen_l2[11].._mul_36_48_I8    166    42.314    81893.334    81935.648 
    gen_l2[12].._mul_36_48_I1    166    42.314    81588.536    81630.850 
    gen_l2[12].._mul_36_48_I2    166    42.314    86881.228    86923.542 
    gen_l2[12].._mul_36_48_I3    166    42.314    85595.266    85637.581 
    gen_l2[12].._mul_36_48_I4    166    42.314    78627.698    78670.012 
    gen_l2[12].._mul_36_48_I5    166    42.314    83567.016    83609.330 
    gen_l2[12].._mul_36_48_I6    166    42.314    98958.104    99000.418 
    gen_l2[12].._mul_36_48_I7    166    42.314    92941.495    92983.809 
    gen_l2[12].._mul_36_48_I8    166    42.314    87459.780    87502.095 
    gen_l2[13].._mul_36_48_I1    166    42.314    77135.541    77177.855 
    gen_l2[13].._mul_36_48_I2    166    42.314    96596.795    96639.109 
    gen_l2[13].._mul_36_48_I3    166    42.314    92932.649    92974.964 
    gen_l2[13].._mul_36_48_I4    166    42.314    77952.608    77994.922 
    gen_l2[13].._mul_36_48_I5    166    42.314    80512.938    80555.252 
    gen_l2[13].._mul_36_48_I6    166    42.314    95759.563    95801.877 
    gen_l2[13].._mul_36_48_I7    166    42.314    88780.725    88823.039 
    gen_l2[13].._mul_36_48_I8    166    42.314    81553.933    81596.247 
    gen_l2[14].._mul_36_48_I1    166    42.314    80012.786    80055.101 
    gen_l2[14].._mul_36_48_I2    166    42.314    93170.093    93212.408 
    gen_l2[14].._mul_36_48_I3    166    42.314    84200.066    84242.380 
    gen_l2[14].._mul_36_48_I4    166    42.314    82409.442    82451.756 
    gen_l2[14].._mul_36_48_I5    166    42.314    87433.075    87475.389 
    gen_l2[14].._mul_36_48_I6    166    42.314    93936.082    93978.397 
    gen_l2[14].._mul_36_48_I7    166    42.314    90220.668    90262.982 
    gen_l2[14].._mul_36_48_I8    166    42.314    82725.037    82767.351 
    gen_l2[15].._mul_36_48_I1    166    42.314    79619.091    79661.405 
    gen_l2[15].._mul_36_48_I2    166    42.314    79874.920    79917.234 
    gen_l2[15].._mul_36_48_I3    166    42.314    82995.492    83037.806 
    gen_l2[15].._mul_36_48_I4    166    42.314    82724.884    82767.198 
    gen_l2[15].._mul_36_48_I5    166    42.314    88632.182    88674.497 
    gen_l2[15].._mul_36_48_I6    166    42.314    92378.015    92420.329 
    gen_l2[15].._mul_36_48_I7    166    42.314    94727.086    94769.400 
    gen_l2[15].._mul_36_48_I8    166    42.314    78091.047    78133.361 
    gen_l2[1]..._mul_36_48_I1    166    42.314    79194.078    79236.392 
    gen_l2[1]..._mul_36_48_I2    166    42.314    98797.465    98839.779 
    gen_l2[1]..._mul_36_48_I3    166    42.314    85444.764    85487.078 
    gen_l2[1]..._mul_36_48_I4    166    42.314    83548.774    83591.089 
    gen_l2[1]..._mul_36_48_I5    166    42.314    83198.219    83240.533 
    gen_l2[1]..._mul_36_48_I6    166    42.314    77661.379    77703.693 
    gen_l2[1]..._mul_36_48_I7    166    42.314    87274.128    87316.442 
    gen_l2[1]..._mul_36_48_I8    166    42.314    87686.890    87729.204 
    gen_l2[2]..._mul_36_48_I1    166    42.314    82385.537    82427.851 
    gen_l2[2]..._mul_36_48_I2    166    42.314    84856.159    84898.473 
    gen_l2[2]..._mul_36_48_I3    166    42.314    87307.454    87349.768 
    gen_l2[2]..._mul_36_48_I4    166    42.314    89643.372    89685.686 
    gen_l2[2]..._mul_36_48_I5    166    42.314    92692.689    92735.003 
    gen_l2[2]..._mul_36_48_I6    166    42.314    90635.891    90678.205 
    gen_l2[2]..._mul_36_48_I7    166    42.314    94825.614    94867.928 
    gen_l2[2]..._mul_36_48_I8    166    42.314    91418.966    91461.281 
    gen_l2[3]..._mul_36_48_I1    166    42.314    74528.104    74570.418 
    gen_l2[3]..._mul_36_48_I2    166    42.314    88815.686    88858.000 
    gen_l2[3]..._mul_36_48_I3    166    42.314    93341.027    93383.341 
    gen_l2[3]..._mul_36_48_I4    166    42.314    83451.792    83494.106 
    gen_l2[3]..._mul_36_48_I5    166    42.314    82876.306    82918.620 
    gen_l2[3]..._mul_36_48_I6    166    42.314    97500.642    97542.956 
    gen_l2[3]..._mul_36_48_I7    166    42.314    89104.216    89146.530 
    gen_l2[3]..._mul_36_48_I8    166    42.314    84178.778    84221.092 
    gen_l2[4]..._mul_36_48_I1    166    42.314    81537.121    81579.436 
    gen_l2[4]..._mul_36_48_I2    166    42.314    89651.627    89693.941 
    gen_l2[4]..._mul_36_48_I3    166    42.314    81539.944    81582.258 
    gen_l2[4]..._mul_36_48_I4    166    42.314    79935.701    79978.015 
    gen_l2[4]..._mul_36_48_I5    166    42.314    81488.295    81530.610 
    gen_l2[4]..._mul_36_48_I6    166    42.314    93387.518    93429.833 
    gen_l2[4]..._mul_36_48_I7    166    42.314    95304.731    95347.045 
    gen_l2[4]..._mul_36_48_I8    166    42.314    88527.349    88569.663 
    gen_l2[5]..._mul_36_48_I1    166    42.314    81377.601    81419.915 
    gen_l2[5]..._mul_36_48_I2    166    42.314    91144.162    91186.476 
    gen_l2[5]..._mul_36_48_I3    166    42.314    80915.687    80958.001 
    gen_l2[5]..._mul_36_48_I4    166    42.314    89496.251    89538.565 
    gen_l2[5]..._mul_36_48_I5    166    42.314    84037.070    84079.384 
    gen_l2[5]..._mul_36_48_I6    166    42.314    96470.185    96512.499 
    gen_l2[5]..._mul_36_48_I7    166    42.314    90786.652    90828.966 
    gen_l2[5]..._mul_36_48_I8    166    42.314    89187.063    89229.378 
    gen_l2[6]..._mul_36_48_I1    166    42.314    80139.745    80182.060 
    gen_l2[6]..._mul_36_48_I2    166    42.314    83935.548    83977.862 
    gen_l2[6]..._mul_36_48_I3    166    42.314    97033.977    97076.291 
    gen_l2[6]..._mul_36_48_I4    166    42.314    81337.466    81379.780 
    gen_l2[6]..._mul_36_48_I5    166    42.314    89955.787    89998.101 
    gen_l2[6]..._mul_36_48_I6    166    42.314    95626.022    95668.336 
    gen_l2[6]..._mul_36_48_I7    166    42.314    92145.256    92187.570 
    gen_l2[6]..._mul_36_48_I8    166    42.314    82113.740    82156.054 
    gen_l2[7]..._mul_36_48_I1    166    42.314    73474.643    73516.957 
    gen_l2[7]..._mul_36_48_I2    166    42.314    89213.105    89255.419 
    gen_l2[7]..._mul_36_48_I3    166    42.314    89825.381    89867.696 
    gen_l2[7]..._mul_36_48_I4    166    42.314    86825.574    86867.888 
    gen_l2[7]..._mul_36_48_I5    166    42.314    79343.305    79385.619 
    gen_l2[7]..._mul_36_48_I6    166    42.314    94354.480    94396.795 
    gen_l2[7]..._mul_36_48_I7    166    42.314    94542.291    94584.605 
    gen_l2[7]..._mul_36_48_I8    166    42.314    83462.045    83504.360 
    gen_l2[8]..._mul_36_48_I1    166    42.314    82804.200    82846.514 
    gen_l2[8]..._mul_36_48_I2    166    42.314    95590.977    95633.291 
    gen_l2[8]..._mul_36_48_I3    166    42.314    95696.342    95738.656 
    gen_l2[8]..._mul_36_48_I4    166    42.314    87233.764    87276.078 
    gen_l2[8]..._mul_36_48_I5    166    42.314    77290.470    77332.784 
    gen_l2[8]..._mul_36_48_I6    166    42.314    89516.233    89558.547 
    gen_l2[8]..._mul_36_48_I7    166    42.314    92011.450    92053.764 
    gen_l2[8]..._mul_36_48_I8    166    42.314    80871.927    80914.241 
    gen_l2[9]..._mul_36_48_I1    166    42.314    82127.228    82169.542 
    gen_l2[9]..._mul_36_48_I2    166    42.314    93341.894    93384.209 
    gen_l2[9]..._mul_36_48_I3    166    42.314    88392.413    88434.728 
    gen_l2[9]..._mul_36_48_I4    166    42.314    87358.397    87400.711 
    gen_l2[9]..._mul_36_48_I5    166    42.314    78828.205    78870.519 
    gen_l2[9]..._mul_36_48_I6    166    42.314    98827.525    98869.839 
    gen_l2[9]..._mul_36_48_I7    166    42.314    98758.930    98801.245 
    gen_l2[9]..._mul_36_48_I8    166    42.314    84898.188    84940.502 
    gen_l3[0]..._mul_40_48_I1    156    41.865    82039.216    82081.080 
    gen_l3[0]...mul_40_48_I10    156    41.865    90563.136    90605.001 
    gen_l3[0]...mul_40_48_I11    156    41.865    83136.980    83178.845 
    gen_l3[0]...mul_40_48_I12    156    41.865    73002.324    73044.189 
    gen_l3[0]...mul_40_48_I13    156    41.865    78532.297    78574.162 
    gen_l3[0]...mul_40_48_I14    156    41.865    59152.068    59193.933 
    gen_l3[0]...mul_40_48_I15    156    41.865    80855.967    80897.832 
    gen_l3[0]...mul_40_48_I16    156    41.865    84976.511    85018.376 
    gen_l3[0]..._mul_40_48_I2    156    41.865    79788.255    79830.120 
    gen_l3[0]..._mul_40_48_I3    156    41.865    77154.906    77196.771 
    gen_l3[0]..._mul_40_48_I4    156    41.865    81405.307    81447.172 
    gen_l3[0]..._mul_40_48_I5    156    41.865    65056.703    65098.568 
    gen_l3[0]..._mul_40_48_I6    156    41.865    79489.227    79531.092 
    gen_l3[0]..._mul_40_48_I7    156    41.865    77945.577    77987.442 
    gen_l3[0]..._mul_40_48_I8    156    41.865    82077.785    82119.650 
    gen_l3[0]..._mul_40_48_I9    156    41.865    82495.347    82537.212 
    gen_l3[10].._mul_40_48_I1    156    41.865    74030.650    74072.515 
    gen_l3[10]..mul_40_48_I10    156    41.865    79251.374    79293.239 
    gen_l3[10]..mul_40_48_I11    156    41.865    87291.964    87333.829 
    gen_l3[10]..mul_40_48_I12    156    41.865    76657.531    76699.395 
    gen_l3[10]..mul_40_48_I13    156    41.865    81152.567    81194.432 
    gen_l3[10]..mul_40_48_I14    156    41.865    70580.947    70622.812 
    gen_l3[10]..mul_40_48_I15    156    41.865    84758.908    84800.773 
    gen_l3[10]..mul_40_48_I16    156    41.865    81944.062    81985.927 
    gen_l3[10].._mul_40_48_I2    156    41.865    89526.186    89568.050 
    gen_l3[10].._mul_40_48_I3    156    41.865    90775.539    90817.404 
    gen_l3[10].._mul_40_48_I4    156    41.865    85215.571    85257.436 
    gen_l3[10].._mul_40_48_I5    156    41.865    63910.792    63952.657 
    gen_l3[10].._mul_40_48_I6    156    41.865    81904.306    81946.171 
    gen_l3[10].._mul_40_48_I7    156    41.865    91539.903    91581.768 
    gen_l3[10].._mul_40_48_I8    156    41.865    81858.515    81900.380 
    gen_l3[10].._mul_40_48_I9    156    41.865    83786.443    83828.308 
    gen_l3[11].._mul_40_48_I1    156    41.865    85325.359    85367.223 
    gen_l3[11]..mul_40_48_I10    156    41.865    83278.897    83320.762 
    gen_l3[11]..mul_40_48_I11    156    41.865    88048.855    88090.720 
    gen_l3[11]..mul_40_48_I12    156    41.865    68986.842    69028.707 
    gen_l3[11]..mul_40_48_I13    156    41.865    84086.671    84128.536 
    gen_l3[11]..mul_40_48_I14    156    41.865    77858.840    77900.705 
    gen_l3[11]..mul_40_48_I15    156    41.865    82615.235    82657.100 
    gen_l3[11]..mul_40_48_I16    156    41.865    86502.427    86544.291 
    gen_l3[11].._mul_40_48_I2    156    41.865    79310.547    79352.412 
    gen_l3[11].._mul_40_48_I3    156    41.865    94191.389    94233.254 
    gen_l3[11].._mul_40_48_I4    156    41.865    86808.836    86850.701 
    gen_l3[11].._mul_40_48_I5    156    41.865    71880.994    71922.859 
    gen_l3[11].._mul_40_48_I6    156    41.865    84456.365    84498.230 
    gen_l3[11].._mul_40_48_I7    156    41.865    85052.874    85094.738 
    gen_l3[11].._mul_40_48_I8    156    41.865    83919.603    83961.468 
    gen_l3[11].._mul_40_48_I9    156    41.865    90431.554    90473.419 
    gen_l3[12].._mul_40_48_I1    156    41.865    91566.016    91607.881 
    gen_l3[12]..mul_40_48_I10    156    41.865    72934.108    72975.973 
    gen_l3[12]..mul_40_48_I11    156    41.865    78598.828    78640.693 
    gen_l3[12]..mul_40_48_I12    156    41.865    75866.334    75908.199 
    gen_l3[12]..mul_40_48_I13    156    41.865    75938.731    75980.596 
    gen_l3[12]..mul_40_48_I14    156    41.865    75400.186    75442.051 
    gen_l3[12]..mul_40_48_I15    156    41.865    87788.419    87830.284 
    gen_l3[12]..mul_40_48_I16    156    41.865    86200.083    86241.948 
    gen_l3[12].._mul_40_48_I2    156    41.865    76203.347    76245.211 
    gen_l3[12].._mul_40_48_I3    156    41.865    85466.571    85508.436 
    gen_l3[12].._mul_40_48_I4    156    41.865    82943.820    82985.685 
    gen_l3[12].._mul_40_48_I5    156    41.865    80691.678    80733.542 
    gen_l3[12].._mul_40_48_I6    156    41.865    86689.243    86731.108 
    gen_l3[12].._mul_40_48_I7    156    41.865    83492.712    83534.577 
    gen_l3[12].._mul_40_48_I8    156    41.865    81660.015    81701.880 
    gen_l3[12].._mul_40_48_I9    156    41.865    82745.088    82786.953 
    gen_l3[13].._mul_40_48_I1    156    41.865    85229.352    85271.217 
    gen_l3[13]..mul_40_48_I10    156    41.865    86525.911    86567.775 
    gen_l3[13]..mul_40_48_I11    156    41.865    88614.428    88656.293 
    gen_l3[13]..mul_40_48_I12    156    41.865    71853.423    71895.288 
    gen_l3[13]..mul_40_48_I13    156    41.865    81056.557    81098.422 
    gen_l3[13]..mul_40_48_I14    156    41.865    79399.674    79441.539 
    gen_l3[13]..mul_40_48_I15    156    41.865    90647.090    90688.955 
    gen_l3[13]..mul_40_48_I16    156    41.865    70055.776    70097.641 
    gen_l3[13].._mul_40_48_I2    156    41.865    84982.888    85024.753 
    gen_l3[13].._mul_40_48_I3    156    41.865    86428.316    86470.181 
    gen_l3[13].._mul_40_48_I4    156    41.865    91181.472    91223.337 
    gen_l3[13].._mul_40_48_I5    156    41.865    66329.352    66371.216 
    gen_l3[13].._mul_40_48_I6    156    41.865    85839.666    85881.531 
    gen_l3[13].._mul_40_48_I7    156    41.865    84099.939    84141.803 
    gen_l3[13].._mul_40_48_I8    156    41.865    89549.158    89591.023 
    gen_l3[13].._mul_40_48_I9    156    41.865    85450.005    85491.870 
    gen_l3[14].._mul_40_48_I1    156    41.865    84538.689    84580.554 
    gen_l3[14]..mul_40_48_I10    156    41.865    79613.606    79655.471 
    gen_l3[14]..mul_40_48_I11    156    41.865    87700.376    87742.241 
    gen_l3[14]..mul_40_48_I12    156    41.865    74350.601    74392.466 
    gen_l3[14]..mul_40_48_I13    156    41.865    84600.374    84642.239 
    gen_l3[14]..mul_40_48_I14    156    41.865    74985.199    75027.064 
    gen_l3[14]..mul_40_48_I15    156    41.865    91862.642    91904.507 
    gen_l3[14]..mul_40_48_I16    156    41.865    80754.282    80796.146 
    gen_l3[14].._mul_40_48_I2    156    41.865    82466.729    82508.594 
    gen_l3[14].._mul_40_48_I3    156    41.865    81360.692    81402.557 
    gen_l3[14].._mul_40_48_I4    156    41.865    86226.686    86268.551 
    gen_l3[14].._mul_40_48_I5    156    41.865    80411.459    80453.324 
    gen_l3[14].._mul_40_48_I6    156    41.865    75047.978    75089.843 
    gen_l3[14].._mul_40_48_I7    156    41.865    77080.327    77122.192 
    gen_l3[14].._mul_40_48_I8    156    41.865    87132.520    87174.385 
    gen_l3[14].._mul_40_48_I9    156    41.865    86249.782    86291.647 
    gen_l3[15].._mul_40_48_I1    156    41.865    83392.078    83433.942 
    gen_l3[15]..mul_40_48_I10    156    41.865    79557.855    79599.720 
    gen_l3[15]..mul_40_48_I11    156    41.865    87659.089    87700.954 
    gen_l3[15]..mul_40_48_I12    156    41.865    80267.100    80308.965 
    gen_l3[15]..mul_40_48_I13    156    41.865    82173.959    82215.824 
    gen_l3[15]..mul_40_48_I14    156    41.865    75954.991    75996.856 
    gen_l3[15]..mul_40_48_I15    156    41.865    81557.461    81599.326 
    gen_l3[15]..mul_40_48_I16    156    41.865    83567.921    83609.786 
    gen_l3[15].._mul_40_48_I2    156    41.865    83980.235    84022.100 
    gen_l3[15].._mul_40_48_I3    156    41.865    76682.776    76724.641 
    gen_l3[15].._mul_40_48_I4    156    41.865    94556.390    94598.255 
    gen_l3[15].._mul_40_48_I5    156    41.865    78011.071    78052.936 
    gen_l3[15].._mul_40_48_I6    156    41.865    83290.034    83331.899 
    gen_l3[15].._mul_40_48_I7    156    41.865    79093.017    79134.882 
    gen_l3[15].._mul_40_48_I8    156    41.865    89486.297    89528.162 
    gen_l3[15].._mul_40_48_I9    156    41.865    86991.655    87033.519 
    gen_l3[1]..._mul_40_48_I1    156    41.865    82641.685    82683.550 
    gen_l3[1]...mul_40_48_I10    156    41.865    78775.233    78817.098 
    gen_l3[1]...mul_40_48_I11    156    41.865    94696.923    94738.788 
    gen_l3[1]...mul_40_48_I12    156    41.865    77336.197    77378.062 
    gen_l3[1]...mul_40_48_I13    156    41.865    80199.915    80241.779 
    gen_l3[1]...mul_40_48_I14    156    41.865    82050.703    82092.568 
    gen_l3[1]...mul_40_48_I15    156    41.865    82015.808    82057.673 
    gen_l3[1]...mul_40_48_I16    156    41.865    75101.714    75143.579 
    gen_l3[1]..._mul_40_48_I2    156    41.865    75974.672    76016.537 
    gen_l3[1]..._mul_40_48_I3    156    41.865    87529.899    87571.764 
    gen_l3[1]..._mul_40_48_I4    156    41.865    87983.898    88025.762 
    gen_l3[1]..._mul_40_48_I5    156    41.865    84228.681    84270.545 
    gen_l3[1]..._mul_40_48_I6    156    41.865    73956.725    73998.590 
    gen_l3[1]..._mul_40_48_I7    156    41.865    87467.088    87508.953 
    gen_l3[1]..._mul_40_48_I8    156    41.865    93496.040    93537.905 
    gen_l3[1]..._mul_40_48_I9    156    41.865    83433.785    83475.650 
    gen_l3[2]..._mul_40_48_I1    156    41.865    84680.727    84722.592 
    gen_l3[2]...mul_40_48_I10    156    41.865    78484.306    78526.171 
    gen_l3[2]...mul_40_48_I11    156    41.865    79638.521    79680.386 
    gen_l3[2]...mul_40_48_I12    156    41.865    80089.371    80131.236 
    gen_l3[2]...mul_40_48_I13    156    41.865    82403.751    82445.616 
    gen_l3[2]...mul_40_48_I14    156    41.865    77817.744    77859.609 
    gen_l3[2]...mul_40_48_I15    156    41.865    80986.555    81028.419 
    gen_l3[2]...mul_40_48_I16    156    41.865    84407.941    84449.806 
    gen_l3[2]..._mul_40_48_I2    156    41.865    79559.281    79601.146 
    gen_l3[2]..._mul_40_48_I3    156    41.865    80270.333    80312.198 
    gen_l3[2]..._mul_40_48_I4    156    41.865    81299.437    81341.302 
    gen_l3[2]..._mul_40_48_I5    156    41.865    74368.385    74410.249 
    gen_l3[2]..._mul_40_48_I6    156    41.865    81005.138    81047.003 
    gen_l3[2]..._mul_40_48_I7    156    41.865    82138.976    82180.841 
    gen_l3[2]..._mul_40_48_I8    156    41.865    91475.310    91517.175 
    gen_l3[2]..._mul_40_48_I9    156    41.865    89053.157    89095.022 
    gen_l3[3]..._mul_40_48_I1    156    41.865    84619.858    84661.723 
    gen_l3[3]...mul_40_48_I10    156    41.865    75219.876    75261.740 
    gen_l3[3]...mul_40_48_I11    156    41.865    85255.241    85297.106 
    gen_l3[3]...mul_40_48_I12    156    41.865    76017.960    76059.825 
    gen_l3[3]...mul_40_48_I13    156    41.865    75002.571    75044.436 
    gen_l3[3]...mul_40_48_I14    156    41.865    76954.617    76996.482 
    gen_l3[3]...mul_40_48_I15    156    41.865    85112.991    85154.856 
    gen_l3[3]...mul_40_48_I16    156    41.865    79902.774    79944.638 
    gen_l3[3]..._mul_40_48_I2    156    41.865    81493.432    81535.297 
    gen_l3[3]..._mul_40_48_I3    156    41.865    97862.970    97904.835 
    gen_l3[3]..._mul_40_48_I4    156    41.865    81346.139    81388.004 
    gen_l3[3]..._mul_40_48_I5    156    41.865    77745.827    77787.691 
    gen_l3[3]..._mul_40_48_I6    156    41.865    84467.593    84509.458 
    gen_l3[3]..._mul_40_48_I7    156    41.865    82181.163    82223.028 
    gen_l3[3]..._mul_40_48_I8    156    41.865    80543.497    80585.362 
    gen_l3[3]..._mul_40_48_I9    156    41.865    84550.428    84592.292 
    gen_l3[4]..._mul_40_48_I1    156    41.865    85648.904    85690.769 
    gen_l3[4]...mul_40_48_I10    156    41.865    84177.921    84219.786 
    gen_l3[4]...mul_40_48_I11    156    41.865    84142.142    84184.007 
    gen_l3[4]...mul_40_48_I12    156    41.865    78237.974    78279.839 
    gen_l3[4]...mul_40_48_I13    156    41.865    73595.896    73637.761 
    gen_l3[4]...mul_40_48_I14    156    41.865    83042.073    83083.938 
    gen_l3[4]...mul_40_48_I15    156    41.865    89792.782    89834.646 
    gen_l3[4]...mul_40_48_I16    156    41.865    80487.086    80528.951 
    gen_l3[4]..._mul_40_48_I2    156    41.865    84931.860    84973.725 
    gen_l3[4]..._mul_40_48_I3    156    41.865    91723.957    91765.821 
    gen_l3[4]..._mul_40_48_I4    156    41.865    85327.115    85368.980 
    gen_l3[4]..._mul_40_48_I5    156    41.865    68969.062    69010.927 
    gen_l3[4]..._mul_40_48_I6    156    41.865    74709.577    74751.442 
    gen_l3[4]..._mul_40_48_I7    156    41.865    82893.074    82934.939 
    gen_l3[4]..._mul_40_48_I8    156    41.865    85058.489    85100.354 
    gen_l3[4]..._mul_40_48_I9    156    41.865    91401.676    91443.541 
    gen_l3[5]..._mul_40_48_I1    156    41.865    79271.232    79313.096 
    gen_l3[5]...mul_40_48_I10    156    41.865    84177.411    84219.276 
    gen_l3[5]...mul_40_48_I11    156    41.865    83942.142    83984.007 
    gen_l3[5]...mul_40_48_I12    156    41.865    81994.429    82036.294 
    gen_l3[5]...mul_40_48_I13    156    41.865    88543.562    88585.427 
    gen_l3[5]...mul_40_48_I14    156    41.865    76821.430    76863.295 
    gen_l3[5]...mul_40_48_I15    156    41.865    82259.961    82301.826 
    gen_l3[5]...mul_40_48_I16    156    41.865    76479.635    76521.500 
    gen_l3[5]..._mul_40_48_I2    156    41.865    75998.650    76040.515 
    gen_l3[5]..._mul_40_48_I3    156    41.865    83630.732    83672.597 
    gen_l3[5]..._mul_40_48_I4    156    41.865    90600.412    90642.277 
    gen_l3[5]..._mul_40_48_I5    156    41.865    79392.583    79434.448 
    gen_l3[5]..._mul_40_48_I6    156    41.865    84285.441    84327.305 
    gen_l3[5]..._mul_40_48_I7    156    41.865    78413.812    78455.677 
    gen_l3[5]..._mul_40_48_I8    156    41.865    87669.700    87711.565 
    gen_l3[5]..._mul_40_48_I9    156    41.865    88591.751    88633.616 
    gen_l3[6]..._mul_40_48_I1    156    41.865    82537.082    82578.946 
    gen_l3[6]...mul_40_48_I10    156    41.865    83791.512    83833.377 
    gen_l3[6]...mul_40_48_I11    156    41.865    91450.253    91492.118 
    gen_l3[6]...mul_40_48_I12    156    41.865    73021.727    73063.592 
    gen_l3[6]...mul_40_48_I13    156    41.865    75849.310    75891.175 
    gen_l3[6]...mul_40_48_I14    156    41.865    73674.573    73716.438 
    gen_l3[6]...mul_40_48_I15    156    41.865    81291.614    81333.479 
    gen_l3[6]...mul_40_48_I16    156    41.865    73988.667    74030.532 
    gen_l3[6]..._mul_40_48_I2    156    41.865    77690.427    77732.291 
    gen_l3[6]..._mul_40_48_I3    156    41.865    85660.768    85702.633 
    gen_l3[6]..._mul_40_48_I4    156    41.865    74337.694    74379.559 
    gen_l3[6]..._mul_40_48_I5    156    41.865    74071.688    74113.553 
    gen_l3[6]..._mul_40_48_I6    156    41.865    87475.500    87517.365 
    gen_l3[6]..._mul_40_48_I7    156    41.865    80277.706    80319.571 
    gen_l3[6]..._mul_40_48_I8    156    41.865    87760.371    87802.236 
    gen_l3[6]..._mul_40_48_I9    156    41.865    83468.704    83510.569 
    gen_l3[7]..._mul_40_48_I1    156    41.865    84651.737    84693.602 
    gen_l3[7]...mul_40_48_I10    156    41.865    70069.546    70111.411 
    gen_l3[7]...mul_40_48_I11    156    41.865    78979.371    79021.236 
    gen_l3[7]...mul_40_48_I12    156    41.865    73521.304    73563.169 
    gen_l3[7]...mul_40_48_I13    156    41.865    87317.034    87358.899 
    gen_l3[7]...mul_40_48_I14    156    41.865    75874.631    75916.496 
    gen_l3[7]...mul_40_48_I15    156    41.865    87850.784    87892.648 
    gen_l3[7]...mul_40_48_I16    156    41.865    73522.895    73564.760 
    gen_l3[7]..._mul_40_48_I2    156    41.865    84871.562    84913.427 
    gen_l3[7]..._mul_40_48_I3    156    41.865    83506.529    83548.394 
    gen_l3[7]..._mul_40_48_I4    156    41.865    82512.900    82554.764 
    gen_l3[7]..._mul_40_48_I5    156    41.865    76642.155    76684.020 
    gen_l3[7]..._mul_40_48_I6    156    41.865    82443.410    82485.274 
    gen_l3[7]..._mul_40_48_I7    156    41.865    80754.127    80795.991 
    gen_l3[7]..._mul_40_48_I8    156    41.865    84308.679    84350.544 
    gen_l3[7]..._mul_40_48_I9    156    41.865    85540.802    85582.667 
    gen_l3[8]..._mul_40_48_I1    156    41.865    90973.991    91015.856 
    gen_l3[8]...mul_40_48_I10    156    41.865    80009.784    80051.649 
    gen_l3[8]...mul_40_48_I11    156    41.865    76453.898    76495.763 
    gen_l3[8]...mul_40_48_I12    156    41.865    78465.570    78507.435 
    gen_l3[8]...mul_40_48_I13    156    41.865    81396.895    81438.759 
    gen_l3[8]...mul_40_48_I14    156    41.865    78155.794    78197.659 
    gen_l3[8]...mul_40_48_I15    156    41.865    86749.380    86791.245 
    gen_l3[8]...mul_40_48_I16    156    41.865    80380.262    80422.127 
    gen_l3[8]..._mul_40_48_I2    156    41.865    85544.166    85586.031 
    gen_l3[8]..._mul_40_48_I3    156    41.865    91379.370    91421.235 
    gen_l3[8]..._mul_40_48_I4    156    41.865    89988.352    90030.216 
    gen_l3[8]..._mul_40_48_I5    156    41.865    82220.468    82262.333 
    gen_l3[8]..._mul_40_48_I6    156    41.865    82540.984    82582.849 
    gen_l3[8]..._mul_40_48_I7    156    41.865    83747.229    83789.094 
    gen_l3[8]..._mul_40_48_I8    156    41.865    86216.100    86257.965 
    gen_l3[8]..._mul_40_48_I9    156    41.865    90223.040    90264.905 
    gen_l3[9]..._mul_40_48_I1    156    41.865    73995.316    74037.181 
    gen_l3[9]...mul_40_48_I10    156    41.865    74556.093    74597.957 
    gen_l3[9]...mul_40_48_I11    156    41.865    83434.708    83476.573 
    gen_l3[9]...mul_40_48_I12    156    41.865    75372.234    75414.099 
    gen_l3[9]...mul_40_48_I13    156    41.865    81572.116    81613.981 
    gen_l3[9]...mul_40_48_I14    156    41.865    76260.275    76302.140 
    gen_l3[9]...mul_40_48_I15    156    41.865    87009.978    87051.843 
    gen_l3[9]...mul_40_48_I16    156    41.865    87374.785    87416.650 
    gen_l3[9]..._mul_40_48_I2    156    41.865    84150.140    84192.005 
    gen_l3[9]..._mul_40_48_I3    156    41.865    85973.569    86015.434 
    gen_l3[9]..._mul_40_48_I4    156    41.865    80911.405    80953.270 
    gen_l3[9]..._mul_40_48_I5    156    41.865    70826.328    70868.193 
    gen_l3[9]..._mul_40_48_I6    156    41.865    80199.658    80241.523 
    gen_l3[9]..._mul_40_48_I7    156    41.865    84975.084    85016.949 
    gen_l3[9]..._mul_40_48_I8    156    41.865    86031.242    86073.107 
    gen_l3[9]..._mul_40_48_I9    156    41.865    90418.943    90460.807 
    gen_l4[0]..._mul_40_48_I1    156    41.865    80198.598    80240.463 
    gen_l4[0]...mul_40_48_I10    156    41.865    90855.478    90897.342 
    gen_l4[0]...mul_40_48_I11    156    41.865    75265.871    75307.736 
    gen_l4[0]...mul_40_48_I12    156    41.865    73451.455    73493.320 
    gen_l4[0]...mul_40_48_I13    156    41.865    90453.899    90495.764 
    gen_l4[0]...mul_40_48_I14    156    41.865    56302.392    56344.257 
    gen_l4[0]...mul_40_48_I15    156    41.865    76675.431    76717.296 
    gen_l4[0]...mul_40_48_I16    156    41.865    78201.166    78243.031 
    gen_l4[0]..._mul_40_48_I2    156    41.865    86174.549    86216.414 
    gen_l4[0]..._mul_40_48_I3    156    41.865    67439.287    67481.152 
    gen_l4[0]..._mul_40_48_I4    156    41.865    83945.514    83987.378 
    gen_l4[0]..._mul_40_48_I5    156    41.865    54494.601    54536.466 
    gen_l4[0]..._mul_40_48_I6    156    41.865    74122.336    74164.201 
    gen_l4[0]..._mul_40_48_I7    156    41.865    69475.871    69517.736 
    gen_l4[0]..._mul_40_48_I8    156    41.865    68741.349    68783.214 
    gen_l4[0]..._mul_40_48_I9    156    41.865    75245.986    75287.851 
    gen_l4[1]..._mul_40_48_I1    156    41.865    81703.710    81745.575 
    gen_l4[1]...mul_40_48_I10    156    41.865    77312.106    77353.971 
    gen_l4[1]...mul_40_48_I11    156    41.865    90011.987    90053.852 
    gen_l4[1]...mul_40_48_I12    156    41.865    80251.122    80292.987 
    gen_l4[1]...mul_40_48_I13    156    41.865    90849.048    90890.913 
    gen_l4[1]...mul_40_48_I14    156    41.865    77034.390    77076.255 
    gen_l4[1]...mul_40_48_I15    156    41.865    78558.462    78600.326 
    gen_l4[1]...mul_40_48_I16    156    41.865    72252.989    72294.854 
    gen_l4[1]..._mul_40_48_I2    156    41.865    85574.779    85616.644 
    gen_l4[1]..._mul_40_48_I3    156    41.865    75759.967    75801.832 
    gen_l4[1]..._mul_40_48_I4    156    41.865    89581.370    89623.235 
    gen_l4[1]..._mul_40_48_I5    156    41.865    74603.761    74645.625 
    gen_l4[1]..._mul_40_48_I6    156    41.865    65515.801    65557.665 
    gen_l4[1]..._mul_40_48_I7    156    41.865    77876.287    77918.152 
    gen_l4[1]..._mul_40_48_I8    156    41.865    80631.819    80673.684 
    gen_l4[1]..._mul_40_48_I9    156    41.865    74172.094    74213.959 
    csa_tree_s..34_pad_groupi    142    37.339    59733.296    59770.635 
    gen_l1[0]..._mul_33_48_I3    156    37.024    57676.845    57713.870 
    gen_l1[1]..._mul_33_48_I3    156    37.024    62115.066    62152.090 
    gen_l1[2]..._mul_33_48_I3    156    37.024    67356.586    67393.610 
    gen_l1[3]..._mul_33_48_I3    156    37.024    63698.142    63735.166 
    gen_l1[4]..._mul_33_48_I3    156    37.024    67084.809    67121.834 
    gen_l1[5]..._mul_33_48_I3    156    37.024    69602.048    69639.072 
    gen_l1[6]..._mul_33_48_I3    156    37.024    75199.737    75236.761 
    gen_l1[7]..._mul_33_48_I3    156    37.024    64227.842    64264.866 
    gen_l1[0]..._mul_33_48_I1    155    36.368    67064.473    67100.841 
    gen_l1[0]..._mul_33_48_I2    155    36.368    71205.164    71241.532 
    gen_l1[0]..._mul_33_48_I4    155    36.368    71608.418    71644.786 
    gen_l1[1]..._mul_33_48_I1    155    36.368    58538.203    58574.571 
    gen_l1[1]..._mul_33_48_I2    155    36.368    74302.891    74339.260 
    gen_l1[1]..._mul_33_48_I4    155    36.368    69567.332    69603.700 
    gen_l1[2]..._mul_33_48_I1    155    36.368    64689.441    64725.809 
    gen_l1[2]..._mul_33_48_I2    155    36.368    83497.122    83533.490 
    gen_l1[2]..._mul_33_48_I4    155    36.368    68159.077    68195.445 
    gen_l1[3]..._mul_33_48_I1    155    36.368    67302.687    67339.055 
    gen_l1[3]..._mul_33_48_I2    155    36.368    59389.410    59425.778 
    gen_l1[3]..._mul_33_48_I4    155    36.368    73237.811    73274.180 
    gen_l1[4]..._mul_33_48_I1    155    36.368    69423.805    69460.173 
    gen_l1[4]..._mul_33_48_I2    155    36.368    72012.025    72048.393 
    gen_l1[4]..._mul_33_48_I4    155    36.368    73333.785    73370.153 
    gen_l1[5]..._mul_33_48_I1    155    36.368    76240.152    76276.520 
    gen_l1[5]..._mul_33_48_I2    155    36.368    65132.882    65169.250 
    gen_l1[5]..._mul_33_48_I4    155    36.368    76207.839    76244.208 
    gen_l1[6]..._mul_33_48_I1    155    36.368    61981.944    62018.312 
    gen_l1[6]..._mul_33_48_I2    155    36.368    75334.505    75370.873 
    gen_l1[6]..._mul_33_48_I4    155    36.368    71247.798    71284.166 
    gen_l1[7]..._mul_33_48_I1    155    36.368    66869.755    66906.123 
    gen_l1[7]..._mul_33_48_I2    155    36.368    77642.658    77679.026 
    gen_l1[7]..._mul_33_48_I4    155    36.368    70310.478    70346.846 
    csa_tree_s..34_pad_groupi    130    32.934    59344.697    59377.631 
    csa_tree_s..34_pad_groupi    128    31.848    54210.214    54242.062 
    csa_tree_s..34_pad_groupi     84    25.613    35818.613    35844.226 
    gen_l2[0]..._20_52_groupi     85    14.641    39765.464    39780.105 
    gen_l2[10].._20_52_groupi     85    14.641    38754.437    38769.078 
    gen_l2[11].._20_52_groupi     85    14.641    37981.101    37995.742 
    gen_l2[12].._20_52_groupi     85    14.641    39603.148    39617.789 
    gen_l2[13].._20_52_groupi     85    14.641    41006.843    41021.484 
    gen_l2[14].._20_52_groupi     85    14.641    39116.820    39131.461 
    gen_l2[15].._20_52_groupi     85    14.641    39643.537    39658.178 
    gen_l2[1]..._20_52_groupi     85    14.641    39269.375    39284.016 
    gen_l2[2]..._20_52_groupi     85    14.641    36574.952    36589.594 
    gen_l2[3]..._20_52_groupi     85    14.641    39915.924    39930.566 
    gen_l2[4]..._20_52_groupi     85    14.641    39000.461    39015.102 
    gen_l2[5]..._20_52_groupi     85    14.641    38133.789    38148.430 
    gen_l2[6]..._20_52_groupi     85    14.641    36784.753    36799.394 
    gen_l2[7]..._20_52_groupi     85    14.641    41065.579    41080.220 
    gen_l2[8]..._20_52_groupi     85    14.641    39032.198    39046.839 
    gen_l2[9]..._20_52_groupi     85    14.641    38339.728    38354.369 
    gen_l3[0]..._21_52_groupi     85    14.608    40234.405    40249.013 
    gen_l3[10].._21_52_groupi     85    14.608    39329.159    39343.767 
    gen_l3[11].._21_52_groupi     85    14.608    38036.285    38050.893 
    gen_l3[12].._21_52_groupi     85    14.608    38733.811    38748.419 
    gen_l3[13].._21_52_groupi     85    14.608    38710.261    38724.869 
    gen_l3[14].._21_52_groupi     85    14.608    38066.784    38081.391 
    gen_l3[15].._21_52_groupi     85    14.608    40764.073    40778.681 
    gen_l3[1]..._21_52_groupi     85    14.608    37522.626    37537.234 
    gen_l3[2]..._21_52_groupi     85    14.608    37447.832    37462.440 
    gen_l3[3]..._21_52_groupi     85    14.608    37655.888    37670.496 
    gen_l3[4]..._21_52_groupi     85    14.608    38155.496    38170.103 
    gen_l3[5]..._21_52_groupi     85    14.608    38470.795    38485.403 
    gen_l3[6]..._21_52_groupi     85    14.608    39600.620    39615.228 
    gen_l3[7]..._21_52_groupi     85    14.608    39785.766    39800.374 
    gen_l3[8]..._21_52_groupi     85    14.608    36349.546    36364.154 
    gen_l3[9]..._21_52_groupi     85    14.608    38734.505    38749.112 
    gen_l4[0]..._21_52_groupi     85    14.433    35858.436    35872.869 
    gen_l4[1]..._21_52_groupi     85    14.433    36774.696    36789.129 
    gen_l1[0]...der_add_19_52     57     8.918    24831.685    24840.603 
    gen_l1[1]...der_add_19_52     57     8.918    25169.016    25177.934 
    gen_l1[2]...der_add_19_52     57     8.918    23398.108    23407.025 
    gen_l1[3]...der_add_19_52     57     8.918    24664.347    24673.265 
    gen_l1[4]...der_add_19_52     57     8.918    26698.523    26707.440 
    gen_l1[5]...der_add_19_52     57     8.918    27301.154    27310.071 
    gen_l1[6]...der_add_19_52     57     8.918    24956.127    24965.044 
    gen_l1[7]...der_add_19_52     57     8.918    24120.625    24129.542 
    gen_l3[0]..._l3_add_49_39     64     7.811    23142.837    23150.648 
    gen_l3[0]..._l3_add_50_39     64     7.811    22545.867    22553.678 
    gen_l3[10].._l3_add_49_39     64     7.811    23394.204    23402.015 
    gen_l3[10].._l3_add_50_39     64     7.811    23352.612    23360.422 
    gen_l3[11].._l3_add_49_39     64     7.811    22773.297    22781.108 
    gen_l3[11].._l3_add_50_39     64     7.811    23188.551    23196.362 
    gen_l3[12].._l3_add_49_39     64     7.811    22696.637    22704.448 
    gen_l3[12].._l3_add_50_39     64     7.811    22563.084    22570.895 
    gen_l3[13].._l3_add_49_39     64     7.811    22907.937    22915.748 
    gen_l3[13].._l3_add_50_39     64     7.811    22891.151    22898.962 
    gen_l3[14].._l3_add_49_39     64     7.811    22635.844    22643.655 
    gen_l3[14].._l3_add_50_39     64     7.811    23077.615    23085.426 
    gen_l3[15].._l3_add_49_39     64     7.811    24015.187    24022.998 
    gen_l3[15].._l3_add_50_39     64     7.811    23076.294    23084.104 
    gen_l3[1]..._l3_add_49_39     64     7.811    23077.585    23085.396 
    gen_l3[1]..._l3_add_50_39     64     7.811    22532.914    22540.725 
    gen_l3[2]..._l3_add_49_39     64     7.811    22617.751    22625.562 
    gen_l3[2]..._l3_add_50_39     64     7.811    22688.882    22696.693 
    gen_l3[3]..._l3_add_49_39     64     7.811    22405.257    22413.068 
    gen_l3[3]..._l3_add_50_39     64     7.811    22876.713    22884.524 
    gen_l3[4]..._l3_add_49_39     64     7.811    22212.197    22220.008 
    gen_l3[4]..._l3_add_50_39     64     7.811    22494.946    22502.757 
    gen_l3[5]..._l3_add_49_39     64     7.811    22241.579    22249.390 
    gen_l3[5]..._l3_add_50_39     64     7.811    22582.954    22590.764 
    gen_l3[6]..._l3_add_49_39     64     7.811    22731.984    22739.795 
    gen_l3[6]..._l3_add_50_39     64     7.811    23721.522    23729.333 
    gen_l3[7]..._l3_add_49_39     64     7.811    23840.593    23848.404 
    gen_l3[7]..._l3_add_50_39     64     7.811    22638.142    22645.953 
    gen_l3[8]..._l3_add_49_39     64     7.811    23056.825    23064.636 
    gen_l3[8]..._l3_add_50_39     64     7.811    22388.716    22396.527 
    gen_l3[9]..._l3_add_49_39     64     7.811    21709.961    21717.772 
    gen_l3[9]..._l3_add_50_39     64     7.811    22112.548    22120.359 
    gen_l4[0]..._l4_add_49_39     64     7.811    22726.556    22734.367 
    gen_l4[0]..._l4_add_50_39     64     7.811    23161.154    23168.965 
    gen_l4[1]..._l4_add_49_39     64     7.811    23205.355    23213.165 
    gen_l4[1]..._l4_add_50_39     64     7.811    22796.334    22804.144 
    gen_l2[0]..._l2_add_42_39     67     7.792    21733.869    21741.661 
    gen_l2[0]..._l2_add_43_39     67     7.792    22006.071    22013.863 
    gen_l2[10].._l2_add_42_39     67     7.792    23299.267    23307.059 
    gen_l2[10].._l2_add_43_39     67     7.792    21456.873    21464.664 
    gen_l2[11].._l2_add_42_39     67     7.792    21408.199    21415.991 
    gen_l2[11].._l2_add_43_39     67     7.792    20958.471    20966.263 
    gen_l2[12].._l2_add_42_39     67     7.792    21651.668    21659.460 
    gen_l2[12].._l2_add_43_39     67     7.792    22114.797    22122.588 
    gen_l2[13].._l2_add_42_39     67     7.792    22622.811    22630.603 
    gen_l2[13].._l2_add_43_39     67     7.792    21987.490    21995.282 
    gen_l2[14].._l2_add_42_39     67     7.792    21816.991    21824.783 
    gen_l2[14].._l2_add_43_39     67     7.792    22032.609    22040.401 
    gen_l2[15].._l2_add_42_39     67     7.792    21909.321    21917.113 
    gen_l2[15].._l2_add_43_39     67     7.792    22982.278    22990.070 
    gen_l2[1]..._l2_add_42_39     67     7.792    22361.231    22369.023 
    gen_l2[1]..._l2_add_43_39     67     7.792    22252.583    22260.375 
    gen_l2[2]..._l2_add_42_39     67     7.792    22138.378    22146.170 
    gen_l2[2]..._l2_add_43_39     67     7.792    22097.900    22105.692 
    gen_l2[3]..._l2_add_42_39     67     7.792    22740.833    22748.625 
    gen_l2[3]..._l2_add_43_39     67     7.792    22931.516    22939.308 
    gen_l2[4]..._l2_add_42_39     67     7.792    21688.266    21696.058 
    gen_l2[4]..._l2_add_43_39     67     7.792    22344.050    22351.842 
    gen_l2[5]..._l2_add_42_39     67     7.792    20712.692    20720.484 
    gen_l2[5]..._l2_add_43_39     67     7.792    23073.701    23081.493 
    gen_l2[6]..._l2_add_42_39     67     7.792    23350.177    23357.969 
    gen_l2[6]..._l2_add_43_39     67     7.792    22718.985    22726.777 
    gen_l2[7]..._l2_add_42_39     67     7.792    22512.435    22520.227 
    gen_l2[7]..._l2_add_43_39     67     7.792    22878.458    22886.250 
    gen_l2[8]..._l2_add_42_39     67     7.792    22249.734    22257.526 
    gen_l2[8]..._l2_add_43_39     67     7.792    21454.248    21462.040 
    gen_l2[9]..._l2_add_42_39     67     7.792    21738.127    21745.919 
    gen_l2[9]..._l2_add_43_39     67     7.792    22746.332    22754.124 
    gen_l3[0]..._add_47_46_I1     60     7.350    20449.783    20457.133 
    gen_l3[0]..._add_47_46_I2     60     7.350    21175.211    21182.562 
    gen_l3[0]..._add_47_46_I3     60     7.350    21218.343    21225.693 
    gen_l3[0]..._add_47_46_I4     60     7.350    22227.479    22234.830 
    gen_l3[10].._add_47_46_I1     60     7.350    22326.975    22334.325 
    gen_l3[10].._add_47_46_I2     60     7.350    22568.841    22576.192 
    gen_l3[10].._add_47_46_I3     60     7.350    23198.171    23205.521 
    gen_l3[10].._add_47_46_I4     60     7.350    22502.958    22510.309 
    gen_l3[11].._add_47_46_I1     60     7.350    20552.408    20559.759 
    gen_l3[11].._add_47_46_I2     60     7.350    21339.520    21346.870 
    gen_l3[11].._add_47_46_I3     60     7.350    20561.227    20568.578 
    gen_l3[11].._add_47_46_I4     60     7.350    21324.411    21331.761 
    gen_l3[12].._add_47_46_I1     60     7.350    20540.909    20548.260 
    gen_l3[12].._add_47_46_I2     60     7.350    21621.818    21629.168 
    gen_l3[12].._add_47_46_I3     60     7.350    21946.711    21954.062 
    gen_l3[12].._add_47_46_I4     60     7.350    21829.654    21837.005 
    gen_l3[13].._add_47_46_I1     60     7.350    21029.236    21036.587 
    gen_l3[13].._add_47_46_I2     60     7.350    22099.474    22106.824 
    gen_l3[13].._add_47_46_I3     60     7.350    20803.551    20810.902 
    gen_l3[13].._add_47_46_I4     60     7.350    20294.043    20301.394 
    gen_l3[14].._add_47_46_I1     60     7.350    22456.862    22464.212 
    gen_l3[14].._add_47_46_I2     60     7.350    22102.701    22110.052 
    gen_l3[14].._add_47_46_I3     60     7.350    21267.802    21275.152 
    gen_l3[14].._add_47_46_I4     60     7.350    21811.281    21818.631 
    gen_l3[15].._add_47_46_I1     60     7.350    20344.191    20351.541 
    gen_l3[15].._add_47_46_I2     60     7.350    21504.777    21512.127 
    gen_l3[15].._add_47_46_I3     60     7.350    21838.142    21845.492 
    gen_l3[15].._add_47_46_I4     60     7.350    22542.330    22549.681 
    gen_l3[1]..._add_47_46_I1     60     7.350    19673.953    19681.303 
    gen_l3[1]..._add_47_46_I2     60     7.350    20263.195    20270.546 
    gen_l3[1]..._add_47_46_I3     60     7.350    20572.364    20579.714 
    gen_l3[1]..._add_47_46_I4     60     7.350    21026.552    21033.903 
    gen_l3[2]..._add_47_46_I1     60     7.350    20311.524    20318.875 
    gen_l3[2]..._add_47_46_I2     60     7.350    21219.951    21227.302 
    gen_l3[2]..._add_47_46_I3     60     7.350    21196.647    21203.997 
    gen_l3[2]..._add_47_46_I4     60     7.350    21171.449    21178.800 
    gen_l3[3]..._add_47_46_I1     60     7.350    20577.852    20585.203 
    gen_l3[3]..._add_47_46_I2     60     7.350    21279.496    21286.847 
    gen_l3[3]..._add_47_46_I3     60     7.350    22108.537    22115.888 
    gen_l3[3]..._add_47_46_I4     60     7.350    21217.364    21224.715 
    gen_l3[4]..._add_47_46_I1     60     7.350    21176.052    21183.402 
    gen_l3[4]..._add_47_46_I2     60     7.350    19798.002    19805.352 
    gen_l3[4]..._add_47_46_I3     60     7.350    21198.068    21205.418 
    gen_l3[4]..._add_47_46_I4     60     7.350    22231.817    22239.167 
    gen_l3[5]..._add_47_46_I1     60     7.350    21703.128    21710.478 
    gen_l3[5]..._add_47_46_I2     60     7.350    22032.255    22039.606 
    gen_l3[5]..._add_47_46_I3     60     7.350    20786.555    20793.905 
    gen_l3[5]..._add_47_46_I4     60     7.350    21732.696    21740.047 
    gen_l3[6]..._add_47_46_I1     60     7.350    20337.775    20345.125 
    gen_l3[6]..._add_47_46_I2     60     7.350    21022.255    21029.605 
    gen_l3[6]..._add_47_46_I3     60     7.350    20651.218    20658.569 
    gen_l3[6]..._add_47_46_I4     60     7.350    20897.969    20905.319 
    gen_l3[7]..._add_47_46_I1     60     7.350    21646.428    21653.778 
    gen_l3[7]..._add_47_46_I2     60     7.350    20631.301    20638.652 
    gen_l3[7]..._add_47_46_I3     60     7.350    21108.419    21115.770 
    gen_l3[7]..._add_47_46_I4     60     7.350    20607.109    20614.460 
    gen_l3[8]..._add_47_46_I1     60     7.350    22061.677    22069.027 
    gen_l3[8]..._add_47_46_I2     60     7.350    20681.957    20689.308 
    gen_l3[8]..._add_47_46_I3     60     7.350    21092.959    21100.310 
    gen_l3[8]..._add_47_46_I4     60     7.350    21582.458    21589.808 
    gen_l3[9]..._add_47_46_I1     60     7.350    21233.410    21240.760 
    gen_l3[9]..._add_47_46_I2     60     7.350    22739.412    22746.763 
    gen_l3[9]..._add_47_46_I3     60     7.350    21746.188    21753.538 
    gen_l3[9]..._add_47_46_I4     60     7.350    21084.698    21092.048 
    gen_l4[0]..._add_47_46_I1     60     7.350    21157.950    21165.301 
    gen_l4[0]..._add_47_46_I2     60     7.350    20449.859    20457.209 
    gen_l4[0]..._add_47_46_I3     60     7.350    22427.277    22434.628 
    gen_l4[0]..._add_47_46_I4     60     7.350    21751.805    21759.156 
    gen_l4[1]..._add_47_46_I1     60     7.350    20299.641    20306.992 
    gen_l4[1]..._add_47_46_I2     60     7.350    20264.712    20272.063 
    gen_l4[1]..._add_47_46_I3     60     7.350    20446.784    20454.134 
    gen_l4[1]..._add_47_46_I4     60     7.350    21913.120    21920.470 
    gen_l2[0]..._add_40_47_I1     63     7.331    23108.395    23115.726 
    gen_l2[0]..._add_40_47_I2     63     7.331    21684.430    21691.762 
    gen_l2[0]..._add_40_47_I3     63     7.331    21224.833    21232.164 
    gen_l2[0]..._add_40_47_I4     63     7.331    21459.151    21466.482 
    gen_l2[10].._add_40_47_I1     63     7.331    22492.187    22499.519 
    gen_l2[10].._add_40_47_I2     63     7.331    22239.161    22246.492 
    gen_l2[10].._add_40_47_I3     63     7.331    21994.337    22001.668 
    gen_l2[10].._add_40_47_I4     63     7.331    23060.818    23068.149 
    gen_l2[11].._add_40_47_I1     63     7.331    20187.315    20194.646 
    gen_l2[11].._add_40_47_I2     63     7.331    20771.956    20779.288 
    gen_l2[11].._add_40_47_I3     63     7.331    20422.724    20430.056 
    gen_l2[11].._add_40_47_I4     63     7.331    22863.904    22871.236 
    gen_l2[12].._add_40_47_I1     63     7.331    21933.958    21941.289 
    gen_l2[12].._add_40_47_I2     63     7.331    20169.160    20176.491 
    gen_l2[12].._add_40_47_I3     63     7.331    22125.205    22132.536 
    gen_l2[12].._add_40_47_I4     63     7.331    21879.461    21886.793 
    gen_l2[13].._add_40_47_I1     63     7.331    24010.352    24017.684 
    gen_l2[13].._add_40_47_I2     63     7.331    21182.026    21189.357 
    gen_l2[13].._add_40_47_I3     63     7.331    23059.273    23066.605 
    gen_l2[13].._add_40_47_I4     63     7.331    22641.277    22648.608 
    gen_l2[14].._add_40_47_I1     63     7.331    21736.819    21744.150 
    gen_l2[14].._add_40_47_I2     63     7.331    21182.383    21189.714 
    gen_l2[14].._add_40_47_I3     63     7.331    21193.069    21200.400 
    gen_l2[14].._add_40_47_I4     63     7.331    22003.927    22011.259 
    gen_l2[15].._add_40_47_I1     63     7.331    21250.418    21257.750 
    gen_l2[15].._add_40_47_I2     63     7.331    22527.891    22535.222 
    gen_l2[15].._add_40_47_I3     63     7.331    19714.149    19721.480 
    gen_l2[15].._add_40_47_I4     63     7.331    22124.439    22131.770 
    gen_l2[1]..._add_40_47_I1     63     7.331    21383.612    21390.943 
    gen_l2[1]..._add_40_47_I2     63     7.331    21128.525    21135.856 
    gen_l2[1]..._add_40_47_I3     63     7.331    20492.288    20499.620 
    gen_l2[1]..._add_40_47_I4     63     7.331    21420.913    21428.244 
    gen_l2[2]..._add_40_47_I1     63     7.331    22904.363    22911.694 
    gen_l2[2]..._add_40_47_I2     63     7.331    21800.860    21808.192 
    gen_l2[2]..._add_40_47_I3     63     7.331    20954.087    20961.418 
    gen_l2[2]..._add_40_47_I4     63     7.331    20466.446    20473.777 
    gen_l2[3]..._add_40_47_I1     63     7.331    21906.406    21913.737 
    gen_l2[3]..._add_40_47_I2     63     7.331    21249.614    21256.945 
    gen_l2[3]..._add_40_47_I3     63     7.331    22985.308    22992.639 
    gen_l2[3]..._add_40_47_I4     63     7.331    20981.819    20989.150 
    gen_l2[4]..._add_40_47_I1     63     7.331    22332.501    22339.833 
    gen_l2[4]..._add_40_47_I2     63     7.331    22743.690    22751.022 
    gen_l2[4]..._add_40_47_I3     63     7.331    21603.691    21611.023 
    gen_l2[4]..._add_40_47_I4     63     7.331    20988.335    20995.667 
    gen_l2[5]..._add_40_47_I1     63     7.331    22259.292    22266.623 
    gen_l2[5]..._add_40_47_I2     63     7.331    20028.325    20035.656 
    gen_l2[5]..._add_40_47_I3     63     7.331    22244.161    22251.492 
    gen_l2[5]..._add_40_47_I4     63     7.331    23550.532    23557.863 
    gen_l2[6]..._add_40_47_I1     63     7.331    22676.560    22683.891 
    gen_l2[6]..._add_40_47_I2     63     7.331    20232.876    20240.208 
    gen_l2[6]..._add_40_47_I3     63     7.331    21418.752    21426.083 
    gen_l2[6]..._add_40_47_I4     63     7.331    21077.407    21084.739 
    gen_l2[7]..._add_40_47_I1     63     7.331    22614.946    22622.277 
    gen_l2[7]..._add_40_47_I2     63     7.331    22302.079    22309.411 
    gen_l2[7]..._add_40_47_I3     63     7.331    21266.625    21273.956 
    gen_l2[7]..._add_40_47_I4     63     7.331    22410.451    22417.782 
    gen_l2[8]..._add_40_47_I1     63     7.331    21955.457    21962.788 
    gen_l2[8]..._add_40_47_I2     63     7.331    21764.179    21771.511 
    gen_l2[8]..._add_40_47_I3     63     7.331    23004.291    23011.623 
    gen_l2[8]..._add_40_47_I4     63     7.331    22680.395    22687.726 
    gen_l2[9]..._add_40_47_I1     63     7.331    22224.166    22231.498 
    gen_l2[9]..._add_40_47_I2     63     7.331    20598.363    20605.694 
    gen_l2[9]..._add_40_47_I3     63     7.331    22003.552    22010.884 
    gen_l2[9]..._add_40_47_I4     63     7.331    22758.220    22765.551 
    gen_l1[0]..._l1_add_37_40     59     6.871    18167.991    18174.862 
    gen_l1[0]..._l1_add_38_40     59     6.871    20810.729    20817.600 
    gen_l1[1]..._l1_add_37_40     59     6.871    18880.069    18886.940 
    gen_l1[1]..._l1_add_38_40     59     6.871    18618.356    18625.227 
    gen_l1[2]..._l1_add_37_40     59     6.871    19326.433    19333.304 
    gen_l1[2]..._l1_add_38_40     59     6.871    19483.848    19490.719 
    gen_l1[3]..._l1_add_37_40     59     6.871    17347.362    17354.233 
    gen_l1[3]..._l1_add_38_40     59     6.871    20431.483    20438.354 
    gen_l1[4]..._l1_add_37_40     59     6.871    19830.872    19837.743 
    gen_l1[4]..._l1_add_38_40     59     6.871    18998.881    19005.752 
    gen_l1[5]..._l1_add_37_40     59     6.871    19929.613    19936.484 
    gen_l1[5]..._l1_add_38_40     59     6.871    18323.018    18329.889 
    gen_l1[6]..._l1_add_37_40     59     6.871    20832.646    20839.517 
    gen_l1[6]..._l1_add_38_40     59     6.871    18776.552    18783.423 
    gen_l1[7]..._l1_add_37_40     59     6.871    19420.536    19427.407 
    gen_l1[7]..._l1_add_38_40     59     6.871    20966.904    20973.775 
    gen_l3[0]..._add_44_47_I1     59     6.871    20596.695    20603.565 
    gen_l3[0]..._add_44_47_I2     59     6.871    19451.777    19458.648 
    gen_l3[0]..._add_44_47_I3     59     6.871    19028.433    19035.304 
    gen_l3[0]..._add_44_47_I4     59     6.871    20053.144    20060.015 
    gen_l3[0]..._add_44_47_I5     59     6.871    21626.848    21633.719 
    gen_l3[0]..._add_44_47_I6     59     6.871    20977.086    20983.957 
    gen_l3[0]..._add_44_47_I7     59     6.871    19743.982    19750.853 
    gen_l3[0]..._add_44_47_I8     59     6.871    19055.050    19061.921 
    gen_l3[10].._add_44_47_I1     59     6.871    19120.124    19126.994 
    gen_l3[10].._add_44_47_I2     59     6.871    21371.721    21378.592 
    gen_l3[10].._add_44_47_I3     59     6.871    19084.254    19091.125 
    gen_l3[10].._add_44_47_I4     59     6.871    20524.255    20531.126 
    gen_l3[10].._add_44_47_I5     59     6.871    21433.438    21440.309 
    gen_l3[10].._add_44_47_I6     59     6.871    20322.982    20329.853 
    gen_l3[10].._add_44_47_I7     59     6.871    21554.158    21561.029 
    gen_l3[10].._add_44_47_I8     59     6.871    20252.178    20259.048 
    gen_l3[11].._add_44_47_I1     59     6.871    19978.006    19984.877 
    gen_l3[11].._add_44_47_I2     59     6.871    21253.240    21260.111 
    gen_l3[11].._add_44_47_I3     59     6.871    20107.914    20114.785 
    gen_l3[11].._add_44_47_I4     59     6.871    20671.951    20678.821 
    gen_l3[11].._add_44_47_I5     59     6.871    20450.889    20457.760 
    gen_l3[11].._add_44_47_I6     59     6.871    19995.157    20002.027 
    gen_l3[11].._add_44_47_I7     59     6.871    19285.854    19292.724 
    gen_l3[11].._add_44_47_I8     59     6.871    21092.266    21099.137 
    gen_l3[12].._add_44_47_I1     59     6.871    20346.587    20353.458 
    gen_l3[12].._add_44_47_I2     59     6.871    19921.200    19928.071 
    gen_l3[12].._add_44_47_I3     59     6.871    21074.362    21081.233 
    gen_l3[12].._add_44_47_I4     59     6.871    20106.993    20113.864 
    gen_l3[12].._add_44_47_I5     59     6.871    19746.952    19753.823 
    gen_l3[12].._add_44_47_I6     59     6.871    20858.289    20865.160 
    gen_l3[12].._add_44_47_I7     59     6.871    19773.046    19779.917 
    gen_l3[12].._add_44_47_I8     59     6.871    21909.055    21915.926 
    gen_l3[13].._add_44_47_I1     59     6.871    20165.292    20172.163 
    gen_l3[13].._add_44_47_I2     59     6.871    21580.624    21587.495 
    gen_l3[13].._add_44_47_I3     59     6.871    18053.762    18060.633 
    gen_l3[13].._add_44_47_I4     59     6.871    20986.122    20992.993 
    gen_l3[13].._add_44_47_I5     59     6.871    19168.347    19175.218 
    gen_l3[13].._add_44_47_I6     59     6.871    20901.078    20907.949 
    gen_l3[13].._add_44_47_I7     59     6.871    20767.602    20774.473 
    gen_l3[13].._add_44_47_I8     59     6.871    20073.494    20080.365 
    gen_l3[14].._add_44_47_I1     59     6.871    20236.637    20243.507 
    gen_l3[14].._add_44_47_I2     59     6.871    18850.992    18857.862 
    gen_l3[14].._add_44_47_I3     59     6.871    19197.308    19204.179 
    gen_l3[14].._add_44_47_I4     59     6.871    20998.482    21005.353 
    gen_l3[14].._add_44_47_I5     59     6.871    20631.952    20638.823 
    gen_l3[14].._add_44_47_I6     59     6.871    20828.523    20835.394 
    gen_l3[14].._add_44_47_I7     59     6.871    20919.236    20926.107 
    gen_l3[14].._add_44_47_I8     59     6.871    21080.162    21087.033 
    gen_l3[15].._add_44_47_I1     59     6.871    19698.540    19705.411 
    gen_l3[15].._add_44_47_I2     59     6.871    20716.766    20723.637 
    gen_l3[15].._add_44_47_I3     59     6.871    19712.418    19719.289 
    gen_l3[15].._add_44_47_I4     59     6.871    20568.107    20574.978 
    gen_l3[15].._add_44_47_I5     59     6.871    18472.516    18479.387 
    gen_l3[15].._add_44_47_I6     59     6.871    21200.091    21206.962 
    gen_l3[15].._add_44_47_I7     59     6.871    19473.695    19480.566 
    gen_l3[15].._add_44_47_I8     59     6.871    19652.485    19659.356 
    gen_l3[1]..._add_44_47_I1     59     6.871    20335.050    20341.921 
    gen_l3[1]..._add_44_47_I2     59     6.871    18774.176    18781.047 
    gen_l3[1]..._add_44_47_I3     59     6.871    19219.606    19226.477 
    gen_l3[1]..._add_44_47_I4     59     6.871    19524.028    19530.899 
    gen_l3[1]..._add_44_47_I5     59     6.871    20173.215    20180.086 
    gen_l3[1]..._add_44_47_I6     59     6.871    20126.840    20133.711 
    gen_l3[1]..._add_44_47_I7     59     6.871    19517.637    19524.508 
    gen_l3[1]..._add_44_47_I8     59     6.871    21343.744    21350.615 
    gen_l3[2]..._add_44_47_I1     59     6.871    20524.469    20531.340 
    gen_l3[2]..._add_44_47_I2     59     6.871    19968.750    19975.621 
    gen_l3[2]..._add_44_47_I3     59     6.871    19396.807    19403.678 
    gen_l3[2]..._add_44_47_I4     59     6.871    20863.733    20870.604 
    gen_l3[2]..._add_44_47_I5     59     6.871    21080.165    21087.035 
    gen_l3[2]..._add_44_47_I6     59     6.871    18769.772    18776.643 
    gen_l3[2]..._add_44_47_I7     59     6.871    19919.816    19926.687 
    gen_l3[2]..._add_44_47_I8     59     6.871    19578.672    19585.543 
    gen_l3[3]..._add_44_47_I1     59     6.871    20305.521    20312.392 
    gen_l3[3]..._add_44_47_I2     59     6.871    20344.769    20351.640 
    gen_l3[3]..._add_44_47_I3     59     6.871    22816.426    22823.297 
    gen_l3[3]..._add_44_47_I4     59     6.871    19497.783    19504.654 
    gen_l3[3]..._add_44_47_I5     59     6.871    19233.798    19240.669 
    gen_l3[3]..._add_44_47_I6     59     6.871    19049.253    19056.124 
    gen_l3[3]..._add_44_47_I7     59     6.871    20079.891    20086.762 
    gen_l3[3]..._add_44_47_I8     59     6.871    19775.011    19781.882 
    gen_l3[4]..._add_44_47_I1     59     6.871    21762.624    21769.495 
    gen_l3[4]..._add_44_47_I2     59     6.871    20480.888    20487.759 
    gen_l3[4]..._add_44_47_I3     59     6.871    19515.348    19522.219 
    gen_l3[4]..._add_44_47_I4     59     6.871    21223.516    21230.387 
    gen_l3[4]..._add_44_47_I5     59     6.871    20641.598    20648.469 
    gen_l3[4]..._add_44_47_I6     59     6.871    20528.469    20535.340 
    gen_l3[4]..._add_44_47_I7     59     6.871    20949.917    20956.788 
    gen_l3[4]..._add_44_47_I8     59     6.871    20955.676    20962.547 
    gen_l3[5]..._add_44_47_I1     59     6.871    19063.523    19070.394 
    gen_l3[5]..._add_44_47_I2     59     6.871    19718.183    19725.054 
    gen_l3[5]..._add_44_47_I3     59     6.871    20351.489    20358.360 
    gen_l3[5]..._add_44_47_I4     59     6.871    19437.522    19444.393 
    gen_l3[5]..._add_44_47_I5     59     6.871    19309.909    19316.780 
    gen_l3[5]..._add_44_47_I6     59     6.871    21054.747    21061.618 
    gen_l3[5]..._add_44_47_I7     59     6.871    20170.791    20177.661 
    gen_l3[5]..._add_44_47_I8     59     6.871    19569.352    19576.223 
    gen_l3[6]..._add_44_47_I1     59     6.871    20917.146    20924.017 
    gen_l3[6]..._add_44_47_I2     59     6.871    19126.540    19133.410 
    gen_l3[6]..._add_44_47_I3     59     6.871    19845.509    19852.380 
    gen_l3[6]..._add_44_47_I4     59     6.871    19751.065    19757.936 
    gen_l3[6]..._add_44_47_I5     59     6.871    20097.774    20104.645 
    gen_l3[6]..._add_44_47_I6     59     6.871    20578.466    20585.337 
    gen_l3[6]..._add_44_47_I7     59     6.871    20370.511    20377.381 
    gen_l3[6]..._add_44_47_I8     59     6.871    19545.689    19552.560 
    gen_l3[7]..._add_44_47_I1     59     6.871    18820.712    18827.583 
    gen_l3[7]..._add_44_47_I2     59     6.871    20711.105    20717.976 
    gen_l3[7]..._add_44_47_I3     59     6.871    18827.708    18834.579 
    gen_l3[7]..._add_44_47_I4     59     6.871    20620.879    20627.750 
    gen_l3[7]..._add_44_47_I5     59     6.871    20766.264    20773.134 
    gen_l3[7]..._add_44_47_I6     59     6.871    20361.214    20368.085 
    gen_l3[7]..._add_44_47_I7     59     6.871    19226.069    19232.939 
    gen_l3[7]..._add_44_47_I8     59     6.871    18995.713    19002.584 
    gen_l3[8]..._add_44_47_I1     59     6.871    19938.128    19944.999 
    gen_l3[8]..._add_44_47_I2     59     6.871    22611.649    22618.520 
    gen_l3[8]..._add_44_47_I3     59     6.871    20638.929    20645.800 
    gen_l3[8]..._add_44_47_I4     59     6.871    20289.670    20296.541 
    gen_l3[8]..._add_44_47_I5     59     6.871    20142.268    20149.139 
    gen_l3[8]..._add_44_47_I6     59     6.871    20908.503    20915.374 
    gen_l3[8]..._add_44_47_I7     59     6.871    20340.684    20347.555 
    gen_l3[8]..._add_44_47_I8     59     6.871    22091.396    22098.266 
    gen_l3[9]..._add_44_47_I1     59     6.871    19585.989    19592.860 
    gen_l3[9]..._add_44_47_I2     59     6.871    20908.268    20915.139 
    gen_l3[9]..._add_44_47_I3     59     6.871    19926.516    19933.387 
    gen_l3[9]..._add_44_47_I4     59     6.871    20212.441    20219.312 
    gen_l3[9]..._add_44_47_I5     59     6.871    20958.679    20965.550 
    gen_l3[9]..._add_44_47_I6     59     6.871    22207.762    22214.633 
    gen_l3[9]..._add_44_47_I7     59     6.871    19465.471    19472.342 
    gen_l3[9]..._add_44_47_I8     59     6.871    21401.314    21408.185 
    gen_l4[0]..._add_44_47_I1     59     6.871    21387.112    21393.983 
    gen_l4[0]..._add_44_47_I2     59     6.871    20084.454    20091.325 
    gen_l4[0]..._add_44_47_I3     59     6.871    18592.596    18599.467 
    gen_l4[0]..._add_44_47_I4     59     6.871    21237.808    21244.679 
    gen_l4[0]..._add_44_47_I5     59     6.871    20625.220    20632.091 
    gen_l4[0]..._add_44_47_I6     59     6.871    20593.733    20600.604 
    gen_l4[0]..._add_44_47_I7     59     6.871    19595.519    19602.390 
    gen_l4[0]..._add_44_47_I8     59     6.871    19501.626    19508.497 
    gen_l4[1]..._add_44_47_I1     59     6.871    21728.007    21734.878 
    gen_l4[1]..._add_44_47_I2     59     6.871    20435.566    20442.437 
    gen_l4[1]..._add_44_47_I3     59     6.871    19787.981    19794.852 
    gen_l4[1]..._add_44_47_I4     59     6.871    19334.048    19340.919 
    gen_l4[1]..._add_44_47_I5     59     6.871    21707.295    21714.166 
    gen_l4[1]..._add_44_47_I6     59     6.871    19140.566    19147.437 
    gen_l4[1]..._add_44_47_I7     59     6.871    19428.955    19435.826 
    gen_l4[1]..._add_44_47_I8     59     6.871    19534.079    19540.950 
  my_rom                        4701  1433.479   345708.111   347141.590 

