============================================================
  Generated by:           Encounter(R) RTL Compiler v12.10-s012_1
  Generated on:           Sep 03 2026  12:32:36 am
  Module:                 adas_accelerator_top
  Technology library:     gpdk045bc 
  Operating conditions:   slow (balanced_tree)
  Wireload mode:          enclosed
  Area mode:              timing library
============================================================

                  Pin                        Type      Fanout  Load Slew Delay Arrival   
                                                               (fF) (ps)  (ps)   (ps)    
-----------------------------------------------------------------------------------------
(clock clk)                                launch                                    0 R 
sensor_raw_reg_reg[3][0]/CK                                            0             0 R 
sensor_raw_reg_reg[3][0]/Q                 SDFFRHQX8        3   5.0   42  +295     295 R 
core_inst/sensor_raw[3][0] 
  g11557/B                                                                  +0     295   
  g11557/CO                                ADDHX4           1   2.7   46  +123     419 R 
  g11556/B                                                                  +0     419   
  g11556/CO                                ADDHX4           1   2.7   46  +124     543 R 
  g11555/B                                                                  +0     543   
  g11555/CO                                ADDHX4           2   4.5   52  +128     671 R 
  g11554/B                                                                  +0     671   
  g11554/Y                                 NAND2X4          1   2.7   54   +48     719 F 
  g11553/B                                                                  +0     719   
  g11553/CO                                ADDHX4           2   2.4   32   +82     801 F 
  g2/AN                                                                     +0     801   
  g2/Y                                     NAND2BX4         1   2.7   57  +100     901 F 
  g11550/B                                                                  +0     901   
  g11550/S                                 ADDHX4           1   8.5   86  +172    1073 F 
  g11549/A                                                                  +0    1073   
  g11549/Y                                 CLKINVX12        7  14.5   39   +46    1118 R 
  csa_tree_sub_66_34_pad_groupi/in_0[7] 
    g1376/A                                                                 +0    1118   
    g1376/Y                                CLKINVX8         5   6.8   26   +29    1147 F 
    g1362/B                                                                 +0    1147   
    g1362/Y                                CLKMX2X3         4   8.0   77  +148    1295 F 
    g1338/A1N                                                               +0    1295   
    g1338/Y                                OAI2BB2X4        2   4.7  105  +154    1450 F 
    g1958/B                                                                 +0    1450   
    g1958/Y                                OR2X6            2   6.2   47  +127    1577 F 
    g1910/B0                                                                +0    1577   
    g1910/Y                                OAI2BB1X4        2   3.7   57   +35    1612 R 
    g1957/AN                                                                +0    1612   
    g1957/Y                                NAND2BX4         1   3.4   44   +97    1708 R 
    g1897/A1                                                                +0    1708   
    g1897/Y                                AOI32X4          1   2.8  152  +122    1831 F 
    g1896/A2                                                                +0    1831   
    g1896/Y                                AOI31X4          1   2.8   66   +95    1926 R 
    g1895/C0                                                                +0    1926   
    g1895/Y                                AOI211X4         1   3.1   90   +42    1968 F 
    g1894/A1                                                                +0    1968   
    g1894/Y                                AOI221X4         1   2.2  108  +123    2092 R 
    g1893/CI                                                                +0    2092   
    g1893/CO                               ADDFHX2          1   2.2   61  +196    2288 R 
    g1891/CI                                                                +0    2288   
    g1891/CO                               ADDFHX1          1   2.2   72  +174    2462 R 
    g1889/CI                                                                +0    2462   
    g1889/CO                               ADDFHX1          1   2.2   72  +178    2640 R 
    g1887/CI                                                                +0    2640   
    g1887/CO                               ADDFHX1          1   2.2   72  +177    2817 R 
    g1885/CI                                                                +0    2817   
    g1885/CO                               ADDFHX1          1   2.5   76  +180    2997 R 
    g1883/CI                                                                +0    2997   
    g1883/CO                               ADDFX4           2   3.6   66  +192    3188 R 
    g1384/AN                                                                +0    3188   
    g1384/Y                                NOR2BX4          2   4.2   69  +152    3340 R 
    g1877/B                                                                 +0    3340   
    g1877/CO                               ADDHX4           1   2.8   46  +132    3473 R 
    g1876/A                                                                 +0    3473   
    g1876/Y                                CLKINVX4         1   2.7   23   +30    3502 F 
    g1874/B                                                                 +0    3502   
    g1874/S                                ADDHX4           2   5.6   75  +154    3657 F 
  csa_tree_sub_66_34_pad_groupi/out_0[24] 
  g15136/D                                                                  +0    3657   
  g15136/Y                                 OR4X8            1   1.6   70  +215    3872 F 
  g14858/B                                                                  +0    3872   
  g14858/Y                                 OR2X8           41 109.3  256  +246    4118 F 
  g14855/B0                                                                 +0    4118   
  g14855/Y                                 OAI21X4          5  16.5  171  +124    4242 R 
  g14784/B                                                                  +0    4242   
  g14784/Y                                 CLKAND2X12      32 106.4  149  +192    4433 R 
  gen_l1[7].neuron_l1_mul_33_48_I4/A[1] 
    g2982/A                                                                 +0    4433   
    g2982/Y                                CLKINVX8         4   9.9   55   +68    4501 F 
    g2953/S0                                                                +0    4501   
    g2953/Y                                MXI2X1           2   2.4  133  +122    4623 F 
    g2916/A1                                                                +0    4623   
    g2916/Y                                OAI22X2          1   2.7  114   +98    4721 R 
    g2872/B                                                                 +0    4721   
    g2872/CO                               ADDHX4           1   1.5   42  +145    4866 R 
    g2871/A                                                                 +0    4866   
    g2871/Y                                CLKINVX2         1   2.2   28   +32    4898 F 
    g2865/CI                                                                +0    4898   
    g2865/CO                               ADDFHX1          1   2.2   80  +158    5056 F 
    g2857/CI                                                                +0    5056   
    g2857/CO                               ADDFHX1          1   2.2   80  +175    5232 F 
    g2851/CI                                                                +0    5232   
    g2851/CO                               ADDFHX1          1   2.2   80  +175    5407 F 
    g2847/CI                                                                +0    5407   
    g2847/CO                               ADDFHX1          1   2.2   80  +175    5582 F 
    g2845/CI                                                                +0    5582   
    g2845/CO                               ADDFHX1          1   2.2   80  +175    5758 F 
    g2843/CI                                                                +0    5758   
    g2843/CO                               ADDFHX1          1   2.2   80  +175    5933 F 
    g2841/CI                                                                +0    5933   
    g2841/CO                               ADDFHX1          1   2.2   80  +175    6108 F 
    g2839/CI                                                                +0    6108   
    g2839/CO                               ADDFHX1          1   2.2   80  +175    6284 F 
    g2837/CI                                                                +0    6284   
    g2837/CO                               ADDFHX1          1   2.2   80  +175    6459 F 
    g2835/CI                                                                +0    6459   
    g2835/CO                               ADDFHX1          1   2.2   80  +175    6634 F 
    g2833/CI                                                                +0    6634   
    g2833/CO                               ADDFHX1          1   1.5   69  +169    6803 F 
    g2832/A                                                                 +0    6803   
    g2832/Y                                CLKINVX2         1   2.1   27   +39    6842 R 
    g2830/CI                                                                +0    6842   
    g2830/S                                ADDFHXL          1   0.8   51  +180    7022 R 
  gen_l1[7].neuron_l1_mul_33_48_I4/Z[13] 
  gen_l1[7].neuron_l1_mult_reg[3][13]/SI   SDFFRHQX4                        +0    7022   
  gen_l1[7].neuron_l1_mult_reg[3][13]/CK   setup                       0  +199    7220 R 
- - - - - - - - - - - - - - - - - - - - - - - - - - - - - - - - - - - - - - - - - - - - -
(clock clk)                                capture                               20000 R 
-----------------------------------------------------------------------------------------
Timing slack :   12780ps 
Start-point  : sensor_raw_reg_reg[3][0]/CK
End-point    : core_inst/gen_l1[7].neuron_l1_mult_reg[3][13]/SI
